Product: MDK-ARM Lite 5.10
Component: ARM Compiler 5.04 update 1 (build 49)
Tool: armlink [5040049]

==============================================================================

Section Cross References

    main.o(i.esb_init) refers to nrf_esb.o(.text) for nrf_esb_set_xosc_ctl
    main.o(i.main) refers to main.o(i.nrf_gpio_cfg_output) for nrf_gpio_cfg_output
    main.o(i.main) refers to main.o(i.nrf_gpio_pin_clear) for nrf_gpio_pin_clear
    main.o(i.main) refers to simple_uart.o(i.simple_uart_config) for simple_uart_config
    main.o(i.main) refers to main.o(i.esb_init) for esb_init
    main.o(i.main) refers to nrf_esb.o(.text) for nrf_esb_add_packet_to_tx_fifo
    main.o(i.main) refers to nrf_delay.o(i.nrf_delay_ms) for nrf_delay_ms
    main.o(i.main) refers to main.o(.data) for my_tx_payload
    main.o(i.nrf_esb_rx_data_ready) refers to nrf_esb.o(.text) for nrf_esb_flush_rx_fifo
    main.o(i.nrf_esb_tx_failed) refers to main.o(i.nrf_gpio_pin_toggle) for nrf_gpio_pin_toggle
    main.o(i.nrf_esb_tx_failed) refers to nrf_esb.o(.text) for nrf_esb_flush_tx_fifo
    main.o(i.nrf_esb_tx_success) refers to main.o(i.nrf_gpio_pin_toggle) for nrf_gpio_pin_toggle
    startup_arm_nrf51.o(RESET) refers to startup_arm_nrf51.o(STACK) for __initial_sp
    startup_arm_nrf51.o(RESET) refers to startup_arm_nrf51.o(.text) for Reset_Handler
    startup_arm_nrf51.o(RESET) refers to nrf_link_core.o(.text) for RADIO_IRQHandler
    startup_arm_nrf51.o(RESET) refers to nrf_flywheel.o(.text) for TIMER2_IRQHandler
    startup_arm_nrf51.o(RESET) refers to nrf_notification_manager.o(.text) for SWI0_IRQHandler
    startup_arm_nrf51.o(.text) refers to system_nrf51.o(i.SystemInit) for SystemInit
    startup_arm_nrf51.o(.text) refers to entry.o(.ARM.Collect$$$$00000000) for __main
    system_nrf51.o(i.SystemCoreClockUpdate) refers to system_nrf51.o(.data) for SystemCoreClock
    system_nrf51.o(i.SystemInit) refers to system_nrf51.o(i.is_manual_peripheral_setup_needed) for is_manual_peripheral_setup_needed
    system_nrf51.o(i.SystemInit) refers to system_nrf51.o(i.is_disabled_in_debug_needed) for is_disabled_in_debug_needed
    nrf_delay.o(i.nrf_delay_ms) refers to nrf_delay.o(.emb_text) for __asm___11_nrf_delay_c_532987f3__nrf_delay_us
    simple_uart.o(i.simple_uart_config) refers to simple_uart.o(i.nrf_gpio_cfg_output) for nrf_gpio_cfg_output
    simple_uart.o(i.simple_uart_config) refers to simple_uart.o(i.nrf_gpio_cfg_input) for nrf_gpio_cfg_input
    simple_uart.o(i.simple_uart_get_with_timeout) refers to simple_uart.o(.emb_text) for __asm___13_simple_uart_c_5dda6715__nrf_delay_us
    simple_uart.o(i.simple_uart_putstring) refers to simple_uart.o(i.simple_uart_put) for simple_uart_put
    nrf_esb.o(.text) refers to nrf_impala.o(.text) for nrf_impl_set_xosc_ctl
    nrf_esb.o(.text) refers to nrf_assert_internal.o(.text) for NRF_ASSERT_INTERNAL_parse_and_forward
    nrf_esb.o(.text) refers to nrf_impala.o(i.nrf_impl_set_datarate) for nrf_impl_set_datarate
    nrf_esb.o(.text) refers to nrf_impala.o(i.nrf_impl_set_tx_power) for nrf_impl_set_tx_power
    nrf_esb.o(.text) refers to main.o(i.nrf_esb_tx_success) for nrf_esb_tx_success
    nrf_esb.o(.text) refers to main.o(i.nrf_esb_tx_failed) for nrf_esb_tx_failed
    nrf_esb.o(.text) refers to main.o(i.nrf_esb_rx_data_ready) for nrf_esb_rx_data_ready
    nrf_esb.o(.text) refers to main.o(i.nrf_esb_disabled) for nrf_esb_disabled
    nrf_esb.o(.text) refers to memcpya.o(.text) for __aeabi_memcpy
    nrf_esb.o(.text) refers to nrf_esb.o(.data) for .data
    nrf_esb.o(.text) refers to nrf_impala.o(i.nrf_impl_get_tx_power) for nrf_impl_get_tx_power
    nrf_esb.o(.text) refers to nrf_impala.o(i.nrf_impl_get_datarate) for nrf_impl_get_datarate
    nrf_esb.o(.text) refers to nrf_impala.o(i.nrf_impl_get_crc_length) for nrf_impl_get_crc_length
    nrf_impala.o(.text) refers to nrf_packet_manager.o(.text) for nrf_pm_set_dyn_ack_status
    nrf_impala.o(.text) refers to nrf_assert_internal.o(.text) for NRF_ASSERT_INTERNAL_parse_and_forward
    nrf_impala.o(.text) refers to nrf_link_core.o(.text) for nrf_lcore_init
    nrf_impala.o(.text) refers to nrf_flywheel.o(.text) for nrf_flw_init
    nrf_impala.o(.text) refers to nrf_notification_manager.o(.text) for nrf_nm_init
    nrf_impala.o(.text) refers to nrf_state_machine.o(.text) for nrf_sm_init
    nrf_impala.o(.text) refers to nrf_channel_manager.o(.text) for nrf_chm_init
    nrf_impala.o(.text) refers to nrf_impala.o(.bss) for .bss
    nrf_impala.o(.text) refers to nrf_impala.o(.data) for .data
    nrf_impala.o(.text) refers to nrf_link_core.o(i.nrf_lcore_rx_address_match) for nrf_lcore_rx_address_match
    nrf_assert_internal.o(.text) refers to nrf_esb.o(.text) for nrf_assert_internal_callback
    nrf_channel_manager.o(.text) refers to nrf_assert_internal.o(.text) for NRF_ASSERT_INTERNAL_parse_and_forward
    nrf_channel_manager.o(.text) refers to uidiv.o(.text) for __aeabi_uidivmod
    nrf_channel_manager.o(.text) refers to nrf_channel_manager.o(.data) for .data
    nrf_flywheel.o(.text) refers to nrf_assert_internal.o(.text) for NRF_ASSERT_INTERNAL_parse_and_forward
    nrf_flywheel.o(.text) refers to nrf_flywheel.o(.data) for .data
    nrf_link_core.o(.text) refers to nrf_link_core.o(.emb_text) for __asm___15_nrf_link_core_c_b93f5dba__nrf_delay_us
    nrf_link_core.o(.text) refers to nrf_assert_internal.o(.text) for NRF_ASSERT_INTERNAL_parse_and_forward
    nrf_link_core.o(.text) refers to nrf_link_core.o(.bss) for .bss
    nrf_link_core.o(.text) refers to nrf_link_core.o(.data) for .data
    nrf_link_core.o(.text) refers to nrf_link_core.o(.constdata) for .constdata
    nrf_notification_manager.o(.text) refers to nrf_assert_internal.o(.text) for NRF_ASSERT_INTERNAL_parse_and_forward
    nrf_notification_manager.o(.text) refers to nrf_notification_manager.o(.bss) for .bss
    nrf_packet_manager.o(.text) refers to nrf_fifo.o(.text) for nrf_fifo_init
    nrf_packet_manager.o(.text) refers to nrf_fifo.o(i.nrf_fifo_get_packet_count) for nrf_fifo_get_packet_count
    nrf_packet_manager.o(.text) refers to nrf_assert_internal.o(.text) for NRF_ASSERT_INTERNAL_parse_and_forward
    nrf_packet_manager.o(.text) refers to memseta.o(.text) for __aeabi_memset
    nrf_packet_manager.o(.text) refers to nrf_packet_manager.o(.bss) for .bss
    nrf_packet_manager.o(.text) refers to nrf_packet_manager.o(.data) for .data
    nrf_packet_manager.o(.text) refers to nrf_fifo.o(i.nrf_fifo_get_available_packet_count) for nrf_fifo_get_available_packet_count
    nrf_state_machine.o(.text) refers to nrf_assert_internal.o(.text) for NRF_ASSERT_INTERNAL_parse_and_forward
    nrf_state_machine.o(.text) refers to nrf_state_machine.o(.data) for .data
    nrf_state_machine.o(.data) refers to nrf_impala.o(.text) for nrf_impl_state_fun_timeslot_start
    nrf_fifo.o(.text) refers to nrf_assert_internal.o(.text) for NRF_ASSERT_INTERNAL_parse_and_forward
    nrf_fifo.o(.text) refers to nrf_fifo.o(.bss) for .bss
    nrf_fifo.o(.text) refers to nrf_fifo.o(.data) for .data
    entry.o(.ARM.Collect$$$$00000000) refers (Special) to entry10a.o(.ARM.Collect$$$$0000000D) for __rt_final_cpp
    entry.o(.ARM.Collect$$$$00000000) refers (Special) to entry11a.o(.ARM.Collect$$$$0000000F) for __rt_final_exit
    entry.o(.ARM.Collect$$$$00000000) refers (Special) to entry7b.o(.ARM.Collect$$$$00000008) for _main_clock
    entry.o(.ARM.Collect$$$$00000000) refers (Special) to entry8b.o(.ARM.Collect$$$$0000000A) for _main_cpp_init
    entry.o(.ARM.Collect$$$$00000000) refers (Special) to entry9a.o(.ARM.Collect$$$$0000000B) for _main_init
    entry.o(.ARM.Collect$$$$00000000) refers (Special) to entry5.o(.ARM.Collect$$$$00000004) for _main_scatterload
    entry.o(.ARM.Collect$$$$00000000) refers (Special) to entry2.o(.ARM.Collect$$$$00000001) for _main_stk
    entry2.o(.ARM.Collect$$$$00000001) refers to entry2.o(.ARM.Collect$$$$00002712) for __lit__00000000
    entry2.o(.ARM.Collect$$$$00002712) refers to startup_arm_nrf51.o(STACK) for __initial_sp
    entry2.o(__vectab_stack_and_reset_area) refers to startup_arm_nrf51.o(STACK) for __initial_sp
    entry2.o(__vectab_stack_and_reset_area) refers to entry.o(.ARM.Collect$$$$00000000) for __main
    entry5.o(.ARM.Collect$$$$00000004) refers to init.o(.text) for __scatterload
    entry9a.o(.ARM.Collect$$$$0000000B) refers to main.o(i.main) for main
    entry9b.o(.ARM.Collect$$$$0000000C) refers to main.o(i.main) for main
    init.o(.text) refers to entry5.o(.ARM.Collect$$$$00000004) for __main_after_scatterload
    nrf_fifo.o(i.nrf_fifo_get_packet_count) refers to nrf_assert_internal.o(.text) for NRF_ASSERT_INTERNAL_parse_and_forward
    nrf_fifo.o(i.nrf_fifo_get_packet_count) refers to nrf_fifo.o(.bss) for .bss
    nrf_fifo.o(i.nrf_fifo_get_available_packet_count) refers to nrf_fifo.o(.data) for .data


==============================================================================

Removing Unused input sections from the image.

    Removing main.o(.rev16_text), (4 bytes).
    Removing main.o(.revsh_text), (4 bytes).
    Removing main.o(.emb_text), (30 bytes).
    Removing startup_arm_nrf51.o(HEAP), (2048 bytes).
    Removing system_nrf51.o(.rev16_text), (4 bytes).
    Removing system_nrf51.o(.revsh_text), (4 bytes).
    Removing system_nrf51.o(i.SystemCoreClockUpdate), (16 bytes).
    Removing nrf_delay.o(.rev16_text), (4 bytes).
    Removing nrf_delay.o(.revsh_text), (4 bytes).
    Removing simple_uart.o(.rev16_text), (4 bytes).
    Removing simple_uart.o(.revsh_text), (4 bytes).
    Removing simple_uart.o(.emb_text), (30 bytes).
    Removing simple_uart.o(i.simple_uart_get), (32 bytes).
    Removing simple_uart.o(i.simple_uart_get_with_timeout), (72 bytes).
    Removing simple_uart.o(i.simple_uart_put), (32 bytes).
    Removing simple_uart.o(i.simple_uart_putstring), (32 bytes).
    Removing nrf_esb.o(.rev16_text), (4 bytes).
    Removing nrf_esb.o(.revsh_text), (4 bytes).
    Removing nrf_impala.o(.rev16_text), (4 bytes).
    Removing nrf_impala.o(.revsh_text), (4 bytes).
    Removing nrf_assert_internal.o(.rev16_text), (4 bytes).
    Removing nrf_assert_internal.o(.revsh_text), (4 bytes).
    Removing nrf_channel_manager.o(.rev16_text), (4 bytes).
    Removing nrf_channel_manager.o(.revsh_text), (4 bytes).
    Removing nrf_flywheel.o(.rev16_text), (4 bytes).
    Removing nrf_flywheel.o(.revsh_text), (4 bytes).
    Removing nrf_flywheel.o(.emb_text), (30 bytes).
    Removing nrf_link_core.o(.rev16_text), (4 bytes).
    Removing nrf_link_core.o(.revsh_text), (4 bytes).
    Removing nrf_notification_manager.o(.rev16_text), (4 bytes).
    Removing nrf_notification_manager.o(.revsh_text), (4 bytes).
    Removing nrf_packet_manager.o(.rev16_text), (4 bytes).
    Removing nrf_packet_manager.o(.revsh_text), (4 bytes).
    Removing nrf_state_machine.o(.rev16_text), (4 bytes).
    Removing nrf_state_machine.o(.revsh_text), (4 bytes).
    Removing nrf_fifo.o(.rev16_text), (4 bytes).
    Removing nrf_fifo.o(.revsh_text), (4 bytes).
    Removing nrf_packet_manager.o(i.pm_tx_pipe_to_nrf_fifo_pipe), (2 bytes).

38 unused section(s) (total 2436 bytes) removed from the image.

==============================================================================

Image Symbol Table

    Local Symbols

    Symbol Name                              Value     Ov Type        Size  Object(Section)

    RESET                                    0x00000000   Section      192  startup_arm_nrf51.o(RESET)
    ../clib/microlib/division.c              0x00000000   Number         0  uidiv.o ABSOLUTE
    ../clib/microlib/init/entry.s            0x00000000   Number         0  entry10a.o ABSOLUTE
    ../clib/microlib/init/entry.s            0x00000000   Number         0  entry2.o ABSOLUTE
    ../clib/microlib/init/entry.s            0x00000000   Number         0  entry5.o ABSOLUTE
    ../clib/microlib/init/entry.s            0x00000000   Number         0  entry.o ABSOLUTE
    ../clib/microlib/init/entry.s            0x00000000   Number         0  entry7a.o ABSOLUTE
    ../clib/microlib/init/entry.s            0x00000000   Number         0  entry7b.o ABSOLUTE
    ../clib/microlib/init/entry.s            0x00000000   Number         0  entry8a.o ABSOLUTE
    ../clib/microlib/init/entry.s            0x00000000   Number         0  entry10b.o ABSOLUTE
    ../clib/microlib/init/entry.s            0x00000000   Number         0  entry11a.o ABSOLUTE
    ../clib/microlib/init/entry.s            0x00000000   Number         0  entry8b.o ABSOLUTE
    ../clib/microlib/init/entry.s            0x00000000   Number         0  entry9a.o ABSOLUTE
    ../clib/microlib/init/entry.s            0x00000000   Number         0  entry9b.o ABSOLUTE
    ../clib/microlib/init/entry.s            0x00000000   Number         0  entry11b.o ABSOLUTE
    ../clib/microlib/string/memcpy.c         0x00000000   Number         0  memcpya.o ABSOLUTE
    ../clib/microlib/string/memcpy.c         0x00000000   Number         0  memcpyb.o ABSOLUTE
    ../clib/microlib/string/memset.c         0x00000000   Number         0  memseta.o ABSOLUTE
    ..\..\..\..\Source\nrf_delay\nrf_delay.c 0x00000000   Number         0  nrf_delay.o ABSOLUTE
    ..\..\..\..\Source\simple_uart\simple_uart.c 0x00000000   Number         0  simple_uart.o ABSOLUTE
    ..\..\..\..\Source\templates\arm\arm_startup_nrf51.s 0x00000000   Number         0  startup_arm_nrf51.o ABSOLUTE
    ..\..\..\..\Source\templates\system_nrf51.c 0x00000000   Number         0  system_nrf51.o ABSOLUTE
    ..\..\..\channel_manager\nrf_channel_manager.c 0x00000000   Number         0  nrf_channel_manager.o ABSOLUTE
    ..\..\..\fifo\nrf_fifo.c                 0x00000000   Number         0  nrf_fifo.o ABSOLUTE
    ..\..\..\flywheel\nrf_flywheel.c         0x00000000   Number         0  nrf_flywheel.o ABSOLUTE
    ..\..\..\impala\nrf_impala.c             0x00000000   Number         0  nrf_impala.o ABSOLUTE
    ..\..\..\link_core\nrf_link_core.c       0x00000000   Number         0  nrf_link_core.o ABSOLUTE
    ..\..\..\notification_manager\nrf_notification_manager.c 0x00000000   Number         0  nrf_notification_manager.o ABSOLUTE
    ..\..\..\packet_manager\nrf_packet_manager.c 0x00000000   Number         0  nrf_packet_manager.o ABSOLUTE
    ..\..\..\state_machine\nrf_state_machine.c 0x00000000   Number         0  nrf_state_machine.o ABSOLUTE
    ..\..\..\test_framework\nrf_assert_internal.c 0x00000000   Number         0  nrf_assert_internal.o ABSOLUTE
    ..\..\nrf_esb.c                          0x00000000   Number         0  nrf_esb.o ABSOLUTE
    ..\\..\\..\\..\\Source\\nrf_delay\\nrf_delay.c 0x00000000   Number         0  nrf_delay.o ABSOLUTE
    ..\\..\\..\\..\\Source\\simple_uart\\simple_uart.c 0x00000000   Number         0  simple_uart.o ABSOLUTE
    ..\\..\\..\\..\\Source\\templates\\system_nrf51.c 0x00000000   Number         0  system_nrf51.o ABSOLUTE
    ..\\..\\..\\channel_manager\\nrf_channel_manager.c 0x00000000   Number         0  nrf_channel_manager.o ABSOLUTE
    ..\\..\\..\\fifo\\nrf_fifo.c             0x00000000   Number         0  nrf_fifo.o ABSOLUTE
    ..\\..\\..\\flywheel\\nrf_flywheel.c     0x00000000   Number         0  nrf_flywheel.o ABSOLUTE
    ..\\..\\..\\impala\\nrf_impala.c         0x00000000   Number         0  nrf_impala.o ABSOLUTE
    ..\\..\\..\\link_core\\nrf_link_core.c   0x00000000   Number         0  nrf_link_core.o ABSOLUTE
    ..\\..\\..\\notification_manager\\nrf_notification_manager.c 0x00000000   Number         0  nrf_notification_manager.o ABSOLUTE
    ..\\..\\..\\packet_manager\\nrf_packet_manager.c 0x00000000   Number         0  nrf_packet_manager.o ABSOLUTE
    ..\\..\\..\\state_machine\\nrf_state_machine.c 0x00000000   Number         0  nrf_state_machine.o ABSOLUTE
    ..\\..\\..\\test_framework\\nrf_assert_internal.c 0x00000000   Number         0  nrf_assert_internal.o ABSOLUTE
    ..\\..\\nrf_esb.c                        0x00000000   Number         0  nrf_esb.o ABSOLUTE
    ..\\main.c                               0x00000000   Number         0  main.o ABSOLUTE
    ..\main.c                                0x00000000   Number         0  main.o ABSOLUTE
    dc.s                                     0x00000000   Number         0  dc.o ABSOLUTE
    handlers.s                               0x00000000   Number         0  handlers.o ABSOLUTE
    init.s                                   0x00000000   Number         0  init.o ABSOLUTE
    .ARM.Collect$$$$00000000                 0x000000c0   Section        0  entry.o(.ARM.Collect$$$$00000000)
    .ARM.Collect$$$$00000001                 0x000000c0   Section        4  entry2.o(.ARM.Collect$$$$00000001)
    .ARM.Collect$$$$00000004                 0x000000c4   Section        4  entry5.o(.ARM.Collect$$$$00000004)
    .ARM.Collect$$$$00000008                 0x000000c8   Section        0  entry7b.o(.ARM.Collect$$$$00000008)
    .ARM.Collect$$$$0000000A                 0x000000c8   Section        0  entry8b.o(.ARM.Collect$$$$0000000A)
    .ARM.Collect$$$$0000000B                 0x000000c8   Section        8  entry9a.o(.ARM.Collect$$$$0000000B)
    .ARM.Collect$$$$0000000D                 0x000000d0   Section        0  entry10a.o(.ARM.Collect$$$$0000000D)
    .ARM.Collect$$$$0000000F                 0x000000d0   Section        0  entry11a.o(.ARM.Collect$$$$0000000F)
    .ARM.Collect$$$$00002712                 0x000000d0   Section        4  entry2.o(.ARM.Collect$$$$00002712)
    __lit__00000000                          0x000000d0   Data           4  entry2.o(.ARM.Collect$$$$00002712)
    .emb_text                                0x000000d4   Section       30  nrf_delay.o(.emb_text)
    .emb_text                                0x000000f4   Section       30  nrf_link_core.o(.emb_text)
    .text                                    0x00000114   Section       44  startup_arm_nrf51.o(.text)
    .text                                    0x00000140   Section        0  nrf_esb.o(.text)
    .text                                    0x000006fc   Section        0  nrf_impala.o(.text)
    device_ack_received                      0x00000feb   Thumb Code   278  nrf_impala.o(.text)
    swap_bytes                               0x0000160b   Thumb Code    92  nrf_impala.o(.text)
    sm_start                                 0x00001667   Thumb Code    78  nrf_impala.o(.text)
    update_mode                              0x000016b5   Thumb Code   168  nrf_impala.o(.text)
    .text                                    0x00001794   Section        0  nrf_assert_internal.o(.text)
    .text                                    0x0000179c   Section        0  nrf_channel_manager.o(.text)
    .text                                    0x000019e8   Section        0  nrf_flywheel.o(.text)
    .text                                    0x00001be0   Section        0  nrf_link_core.o(.text)
    nrf_lcore_handler_rx_enable_start_tx_enable_start_disable 0x00001ddd   Thumb Code   208  nrf_link_core.o(.text)
    .text                                    0x000020c8   Section        0  nrf_notification_manager.o(.text)
    .text                                    0x000021fc   Section        0  nrf_packet_manager.o(.text)
    .text                                    0x000026c0   Section        0  nrf_state_machine.o(.text)
    .text                                    0x00002710   Section        0  nrf_fifo.o(.text)
    .text                                    0x00002a88   Section        0  uidiv.o(.text)
    .text                                    0x00002ab4   Section        0  memcpya.o(.text)
    .text                                    0x00002ad8   Section        0  memseta.o(.text)
    .text                                    0x00002afc   Section       36  init.o(.text)
    i.SystemInit                             0x00002b20   Section        0  system_nrf51.o(i.SystemInit)
    i.__scatterload_copy                     0x00002b58   Section       14  handlers.o(i.__scatterload_copy)
    i.__scatterload_null                     0x00002b66   Section        2  handlers.o(i.__scatterload_null)
    i.__scatterload_zeroinit                 0x00002b68   Section       14  handlers.o(i.__scatterload_zeroinit)
    i.esb_init                               0x00002b78   Section        0  main.o(i.esb_init)
    esb_init                                 0x00002b79   Thumb Code    74  main.o(i.esb_init)
    i.is_disabled_in_debug_needed            0x00002bc8   Section        0  system_nrf51.o(i.is_disabled_in_debug_needed)
    is_disabled_in_debug_needed              0x00002bc9   Thumb Code    52  system_nrf51.o(i.is_disabled_in_debug_needed)
    i.is_manual_peripheral_setup_needed      0x00002c00   Section        0  system_nrf51.o(i.is_manual_peripheral_setup_needed)
    is_manual_peripheral_setup_needed        0x00002c01   Thumb Code   104  system_nrf51.o(i.is_manual_peripheral_setup_needed)
    i.main                                   0x00002c6c   Section        0  main.o(i.main)
    i.nrf_delay_ms                           0x00002cc4   Section        0  nrf_delay.o(i.nrf_delay_ms)
    i.nrf_esb_disabled                       0x00002ce0   Section        0  main.o(i.nrf_esb_disabled)
    i.nrf_esb_rx_data_ready                  0x00002ce2   Section        0  main.o(i.nrf_esb_rx_data_ready)
    i.nrf_esb_tx_failed                      0x00002cf0   Section        0  main.o(i.nrf_esb_tx_failed)
    i.nrf_esb_tx_success                     0x00002d02   Section        0  main.o(i.nrf_esb_tx_success)
    i.nrf_fifo_get_available_packet_count    0x00002d10   Section        0  nrf_fifo.o(i.nrf_fifo_get_available_packet_count)
    i.nrf_fifo_get_packet_count              0x00002d1c   Section        0  nrf_fifo.o(i.nrf_fifo_get_packet_count)
    i.nrf_gpio_cfg_input                     0x00002d3c   Section        0  simple_uart.o(i.nrf_gpio_cfg_input)
    nrf_gpio_cfg_input                       0x00002d3d   Thumb Code    20  simple_uart.o(i.nrf_gpio_cfg_input)
    i.nrf_gpio_cfg_output                    0x00002d50   Section        0  main.o(i.nrf_gpio_cfg_output)
    nrf_gpio_cfg_output                      0x00002d51   Thumb Code    18  main.o(i.nrf_gpio_cfg_output)
    i.nrf_gpio_cfg_output                    0x00002d62   Section        0  simple_uart.o(i.nrf_gpio_cfg_output)
    nrf_gpio_cfg_output                      0x00002d63   Thumb Code    18  simple_uart.o(i.nrf_gpio_cfg_output)
    i.nrf_gpio_pin_clear                     0x00002d74   Section        0  main.o(i.nrf_gpio_pin_clear)
    nrf_gpio_pin_clear                       0x00002d75   Thumb Code    10  main.o(i.nrf_gpio_pin_clear)
    i.nrf_gpio_pin_toggle                    0x00002d84   Section        0  main.o(i.nrf_gpio_pin_toggle)
    nrf_gpio_pin_toggle                      0x00002d85   Thumb Code    16  main.o(i.nrf_gpio_pin_toggle)
    i.nrf_impl_get_crc_length                0x00002d98   Section        0  nrf_impala.o(i.nrf_impl_get_crc_length)
    i.nrf_impl_get_datarate                  0x00002da4   Section        0  nrf_impala.o(i.nrf_impl_get_datarate)
    i.nrf_impl_get_tx_power                  0x00002db0   Section        0  nrf_impala.o(i.nrf_impl_get_tx_power)
    i.nrf_impl_set_datarate                  0x00002dbc   Section        0  nrf_impala.o(i.nrf_impl_set_datarate)
    i.nrf_impl_set_tx_power                  0x00002e48   Section        0  nrf_impala.o(i.nrf_impl_set_tx_power)
    i.nrf_lcore_rx_address_match             0x00002e54   Section        0  nrf_link_core.o(i.nrf_lcore_rx_address_match)
    i.simple_uart_config                     0x00002e64   Section        0  simple_uart.o(i.simple_uart_config)
    .constdata                               0x00002ed0   Section       48  nrf_link_core.o(.constdata)
    operation_params                         0x00002ed0   Data          48  nrf_link_core.o(.constdata)
    .data                                    0x20000000   Section       20  main.o(.data)
    my_tx_payload                            0x20000000   Data          20  main.o(.data)
    .data                                    0x20000014   Section        4  system_nrf51.o(.data)
    __tagsym$$used                           0x20000014   Number         0  system_nrf51.o(.data)
    .data                                    0x20000018   Section       16  nrf_esb.o(.data)
    bool_arg                                 0x20000018   Data           1  nrf_esb.o(.data)
    status                                   0x20000020   Data           4  nrf_esb.o(.data)
    .data                                    0x20000028   Section        8  nrf_impala.o(.data)
    lcore_status                             0x2000002c   Data           4  nrf_impala.o(.data)
    .data                                    0x20000030   Section       12  nrf_channel_manager.o(.data)
    config                                   0x20000030   Data           4  nrf_channel_manager.o(.data)
    status                                   0x20000034   Data           8  nrf_channel_manager.o(.data)
    .data                                    0x2000003c   Section        8  nrf_flywheel.o(.data)
    task_is_delayed                          0x2000003d   Data           1  nrf_flywheel.o(.data)
    waiting_on_handler                       0x2000003e   Data           1  nrf_flywheel.o(.data)
    pending_cb                               0x20000040   Data           4  nrf_flywheel.o(.data)
    .data                                    0x20000044   Section        4  nrf_link_core.o(.data)
    nrf_lcore_config                         0x20000044   Data           4  nrf_link_core.o(.data)
    .data                                    0x20000048   Section        8  nrf_packet_manager.o(.data)
    .data                                    0x20000050   Section       12  nrf_state_machine.o(.data)
    .data                                    0x2000005c   Section        4  nrf_fifo.o(.data)
    .bss                                     0x20000060   Section       96  nrf_impala.o(.bss)
    chm_config                               0x200000b4   Data          12  nrf_impala.o(.bss)
    .bss                                     0x200000c0   Section       36  nrf_link_core.o(.bss)
    .bss                                     0x200000e4   Section      136  nrf_notification_manager.o(.bss)
    .bss                                     0x2000016c   Section      148  nrf_packet_manager.o(.bss)
    .bss                                     0x20000200   Section      468  nrf_fifo.o(.bss)
    STACK                                    0x200003d8   Section     2048  startup_arm_nrf51.o(STACK)

    Global Symbols

    Symbol Name                              Value     Ov Type        Size  Object(Section)

    BuildAttributes$$THM_ISAv3M$S$PE$A:L22$X:L11$S22$IEEE1$IW$USESV6$~STKCKD$USESV7$~SHL$OTIME$EBA8$MICROLIB$REQ8$PRES8$EABIv2 0x00000000   Number         0  anon$$obj.o ABSOLUTE
    __ARM_use_no_argv                        0x00000000   Number         0  main.o ABSOLUTE
    __Vectors                                0x00000000   Data           4  startup_arm_nrf51.o(RESET)
    __cpp_initialize__aeabi_                  - Undefined Weak Reference
    __cxa_finalize                            - Undefined Weak Reference
    __decompress                              - Undefined Weak Reference
    _clock_init                               - Undefined Weak Reference
    _microlib_exit                            - Undefined Weak Reference
    __Vectors_End                            0x000000c0   Data           0  startup_arm_nrf51.o(RESET)
    __Vectors_Size                           0x000000c0   Number         0  startup_arm_nrf51.o ABSOLUTE
    __main                                   0x000000c1   Thumb Code     0  entry.o(.ARM.Collect$$$$00000000)
    _main_stk                                0x000000c1   Thumb Code     0  entry2.o(.ARM.Collect$$$$00000001)
    _main_scatterload                        0x000000c5   Thumb Code     0  entry5.o(.ARM.Collect$$$$00000004)
    __main_after_scatterload                 0x000000c9   Thumb Code     0  entry5.o(.ARM.Collect$$$$00000004)
    _main_clock                              0x000000c9   Thumb Code     0  entry7b.o(.ARM.Collect$$$$00000008)
    _main_cpp_init                           0x000000c9   Thumb Code     0  entry8b.o(.ARM.Collect$$$$0000000A)
    _main_init                               0x000000c9   Thumb Code     0  entry9a.o(.ARM.Collect$$$$0000000B)
    __rt_final_cpp                           0x000000d1   Thumb Code     0  entry10a.o(.ARM.Collect$$$$0000000D)
    __rt_final_exit                          0x000000d1   Thumb Code     0  entry11a.o(.ARM.Collect$$$$0000000F)
    __asm___11_nrf_delay_c_532987f3__nrf_delay_us 0x000000d5   Thumb Code    30  nrf_delay.o(.emb_text)
    __asm___15_nrf_link_core_c_b93f5dba__nrf_delay_us 0x000000f5   Thumb Code    30  nrf_link_core.o(.emb_text)
    Reset_Handler                            0x00000115   Thumb Code    18  startup_arm_nrf51.o(.text)
    NMI_Handler                              0x00000127   Thumb Code     2  startup_arm_nrf51.o(.text)
    HardFault_Handler                        0x00000129   Thumb Code     2  startup_arm_nrf51.o(.text)
    SVC_Handler                              0x0000012b   Thumb Code     2  startup_arm_nrf51.o(.text)
    PendSV_Handler                           0x0000012d   Thumb Code     2  startup_arm_nrf51.o(.text)
    SysTick_Handler                          0x0000012f   Thumb Code     2  startup_arm_nrf51.o(.text)
    ADC_IRQHandler                           0x00000131   Thumb Code     0  startup_arm_nrf51.o(.text)
    CCM_AAR_IRQHandler                       0x00000131   Thumb Code     0  startup_arm_nrf51.o(.text)
    ECB_IRQHandler                           0x00000131   Thumb Code     0  startup_arm_nrf51.o(.text)
    GPIOTE_IRQHandler                        0x00000131   Thumb Code     0  startup_arm_nrf51.o(.text)
    LPCOMP_COMP_IRQHandler                   0x00000131   Thumb Code     0  startup_arm_nrf51.o(.text)
    POWER_CLOCK_IRQHandler                   0x00000131   Thumb Code     0  startup_arm_nrf51.o(.text)
    QDEC_IRQHandler                          0x00000131   Thumb Code     0  startup_arm_nrf51.o(.text)
    RNG_IRQHandler                           0x00000131   Thumb Code     0  startup_arm_nrf51.o(.text)
    RTC0_IRQHandler                          0x00000131   Thumb Code     0  startup_arm_nrf51.o(.text)
    RTC1_IRQHandler                          0x00000131   Thumb Code     0  startup_arm_nrf51.o(.text)
    SPI0_TWI0_IRQHandler                     0x00000131   Thumb Code     0  startup_arm_nrf51.o(.text)
    SPI1_TWI1_IRQHandler                     0x00000131   Thumb Code     0  startup_arm_nrf51.o(.text)
    SWI1_IRQHandler                          0x00000131   Thumb Code     0  startup_arm_nrf51.o(.text)
    SWI2_IRQHandler                          0x00000131   Thumb Code     0  startup_arm_nrf51.o(.text)
    SWI3_IRQHandler                          0x00000131   Thumb Code     0  startup_arm_nrf51.o(.text)
    SWI4_IRQHandler                          0x00000131   Thumb Code     0  startup_arm_nrf51.o(.text)
    SWI5_IRQHandler                          0x00000131   Thumb Code     0  startup_arm_nrf51.o(.text)
    TEMP_IRQHandler                          0x00000131   Thumb Code     0  startup_arm_nrf51.o(.text)
    TIMER0_IRQHandler                        0x00000131   Thumb Code     0  startup_arm_nrf51.o(.text)
    TIMER1_IRQHandler                        0x00000131   Thumb Code     0  startup_arm_nrf51.o(.text)
    UART0_IRQHandler                         0x00000131   Thumb Code     0  startup_arm_nrf51.o(.text)
    WDT_IRQHandler                           0x00000131   Thumb Code     0  startup_arm_nrf51.o(.text)
    nrf_esb_set_xosc_ctl                     0x00000141   Thumb Code    26  nrf_esb.o(.text)
    nrf_esb_set_crc_length                   0x0000015b   Thumb Code    42  nrf_esb.o(.text)
    nrf_esb_set_datarate                     0x00000185   Thumb Code    40  nrf_esb.o(.text)
    nrf_esb_set_output_power                 0x000001ad   Thumb Code    66  nrf_esb.o(.text)
    nrf_esb_set_base_address_length          0x000001ef   Thumb Code    36  nrf_esb.o(.text)
    nrf_esb_set_mode                         0x00000213   Thumb Code    28  nrf_esb.o(.text)
    nrf_esb_set_channel                      0x0000022f   Thumb Code    34  nrf_esb.o(.text)
    notification_cb                          0x00000251   Thumb Code   194  nrf_esb.o(.text)
    nrf_esb_init                             0x00000313   Thumb Code   126  nrf_esb.o(.text)
    nrf_esb_enable                           0x00000391   Thumb Code     8  nrf_esb.o(.text)
    nrf_esb_disable                          0x00000399   Thumb Code    26  nrf_esb.o(.text)
    nrf_esb_is_enabled                       0x000003b3   Thumb Code     8  nrf_esb.o(.text)
    nrf_esb_add_packet_to_tx_fifo            0x000003bb   Thumb Code   146  nrf_esb.o(.text)
    nrf_esb_fetch_packet_from_rx_fifo        0x0000044d   Thumb Code    70  nrf_esb.o(.text)
    nrf_esb_get_tx_fifo_packet_count         0x00000493   Thumb Code     8  nrf_esb.o(.text)
    nrf_esb_get_rx_fifo_packet_count         0x0000049b   Thumb Code     8  nrf_esb.o(.text)
    nrf_esb_flush_tx_fifo                    0x000004a3   Thumb Code    10  nrf_esb.o(.text)
    nrf_esb_flush_rx_fifo                    0x000004ad   Thumb Code    10  nrf_esb.o(.text)
    nrf_esb_get_tx_attempts                  0x000004b7   Thumb Code     6  nrf_esb.o(.text)
    nrf_esb_get_mode                         0x000004bd   Thumb Code    34  nrf_esb.o(.text)
    nrf_esb_get_base_address_length          0x000004df   Thumb Code    40  nrf_esb.o(.text)
    nrf_esb_set_base_address_0               0x00000507   Thumb Code    24  nrf_esb.o(.text)
    nrf_esb_get_base_address_0               0x0000051f   Thumb Code     8  nrf_esb.o(.text)
    nrf_esb_set_base_address_1               0x00000527   Thumb Code    24  nrf_esb.o(.text)
    nrf_esb_get_base_address_1               0x0000053f   Thumb Code     8  nrf_esb.o(.text)
    nrf_esb_set_address_prefix_byte          0x00000547   Thumb Code    88  nrf_esb.o(.text)
    nrf_esb_get_address_prefix_byte          0x0000059f   Thumb Code    22  nrf_esb.o(.text)
    nrf_esb_set_enabled_prx_pipes            0x000005b5   Thumb Code    10  nrf_esb.o(.text)
    nrf_esb_get_enabled_prx_pipes            0x000005bf   Thumb Code     8  nrf_esb.o(.text)
    nrf_esb_set_retransmit_delay             0x000005c7   Thumb Code    24  nrf_esb.o(.text)
    nrf_esb_get_retransmit_delay             0x000005df   Thumb Code     8  nrf_esb.o(.text)
    nrf_esb_set_max_number_of_tx_attempts    0x000005e7   Thumb Code    24  nrf_esb.o(.text)
    nrf_esb_get_max_number_of_tx_attempts    0x000005ff   Thumb Code     8  nrf_esb.o(.text)
    nrf_esb_get_channel                      0x00000607   Thumb Code     6  nrf_esb.o(.text)
    nrf_esb_get_output_power                 0x0000060d   Thumb Code    76  nrf_esb.o(.text)
    nrf_esb_get_datarate                     0x00000659   Thumb Code    40  nrf_esb.o(.text)
    nrf_esb_get_crc_length                   0x00000681   Thumb Code    28  nrf_esb.o(.text)
    nrf_esb_get_xosc_ctl                     0x0000069d   Thumb Code    30  nrf_esb.o(.text)
    nrf_esb_enable_dyn_ack                   0x000006bb   Thumb Code    16  nrf_esb.o(.text)
    nrf_esb_disable_dyn_ack                  0x000006cb   Thumb Code    16  nrf_esb.o(.text)
    nrf_assert_internal_callback             0x000006db   Thumb Code    10  nrf_esb.o(.text)
    nrf_gpio_debug_pin_write                 0x000006fd   Thumb Code     2  nrf_impala.o(.text)
    nrf_impl_set_dyn_ack_enable              0x000006ff   Thumb Code     8  nrf_impala.o(.text)
    nrf_impl_set_xosc_ctl                    0x00000707   Thumb Code     6  nrf_impala.o(.text)
    nrf_impl_set_idle_activity_config        0x0000070d   Thumb Code     6  nrf_impala.o(.text)
    nrf_impl_set_channel_selection_policy    0x00000713   Thumb Code     6  nrf_impala.o(.text)
    nrf_impl_set_crc_length                  0x00000719   Thumb Code    96  nrf_impala.o(.text)
    nrf_impl_set_max_allowed_tx_attempts     0x00000779   Thumb Code     6  nrf_impala.o(.text)
    nrf_impl_set_timeslots_per_channel_when_out_of_sync 0x0000077f   Thumb Code    36  nrf_impala.o(.text)
    nrf_impl_set_timeslots_per_channel_when_in_sync 0x000007a3   Thumb Code    36  nrf_impala.o(.text)
    nrf_impl_set_timeslot_period             0x000007c7   Thumb Code     6  nrf_impala.o(.text)
    nrf_impl_set_sync_lifetime               0x000007cd   Thumb Code     6  nrf_impala.o(.text)
    nrf_impl_set_prefix_byte                 0x000007d3   Thumb Code   130  nrf_impala.o(.text)
    nrf_impl_set_pipes_1_to_7_base_address   0x00000855   Thumb Code    12  nrf_impala.o(.text)
    nrf_impl_set_pipe_0_base_address         0x00000861   Thumb Code    12  nrf_impala.o(.text)
    nrf_impl_set_rx_pipes_enabled            0x0000086d   Thumb Code     6  nrf_impala.o(.text)
    nrf_impl_set_base_address_length         0x00000873   Thumb Code    18  nrf_impala.o(.text)
    nrf_impl_set_mode                        0x00000885   Thumb Code    42  nrf_impala.o(.text)
    nrf_impl_init                            0x000008af   Thumb Code   666  nrf_impala.o(.text)
    nrf_impl_enable                          0x00000b49   Thumb Code    66  nrf_impala.o(.text)
    nrf_impl_disable                         0x00000b8b   Thumb Code    38  nrf_impala.o(.text)
    nrf_impl_is_disabled                     0x00000bb1   Thumb Code    16  nrf_impala.o(.text)
    nrf_impl_get_mode                        0x00000bc1   Thumb Code     6  nrf_impala.o(.text)
    nrf_impl_reserve_packet                  0x00000bc7   Thumb Code    20  nrf_impala.o(.text)
    nrf_impl_free_packet                     0x00000bdb   Thumb Code    20  nrf_impala.o(.text)
    nrf_impl_put_tx_fifo                     0x00000bef   Thumb Code    52  nrf_impala.o(.text)
    nrf_impl_pop_rx_fifo                     0x00000c23   Thumb Code    20  nrf_impala.o(.text)
    nrf_impl_read_rx_fifo                    0x00000c37   Thumb Code     8  nrf_impala.o(.text)
    nrf_impl_read_tx_fifo                    0x00000c3f   Thumb Code    20  nrf_impala.o(.text)
    nrf_impl_get_tx_fifo_status              0x00000c53   Thumb Code     8  nrf_impala.o(.text)
    nrf_impl_get_rx_fifo_status              0x00000c5b   Thumb Code     8  nrf_impala.o(.text)
    nrf_impl_get_available_fifo_packets      0x00000c63   Thumb Code     8  nrf_impala.o(.text)
    nrf_impl_flush_tx_fifo                   0x00000c6b   Thumb Code    44  nrf_impala.o(.text)
    nrf_impl_flush_rx_fifo                   0x00000c97   Thumb Code    20  nrf_impala.o(.text)
    nrf_impl_get_pipe_0_base_address         0x00000cab   Thumb Code    12  nrf_impala.o(.text)
    nrf_impl_get_pipes_1_to_7_base_address   0x00000cb7   Thumb Code    12  nrf_impala.o(.text)
    nrf_impl_get_prefix_byte                 0x00000cc3   Thumb Code    84  nrf_impala.o(.text)
    nrf_impl_set_channel_table               0x00000d17   Thumb Code    38  nrf_impala.o(.text)
    nrf_impl_get_sync_lifetime               0x00000d3d   Thumb Code     6  nrf_impala.o(.text)
    nrf_impl_get_base_address_length         0x00000d43   Thumb Code    10  nrf_impala.o(.text)
    nrf_impl_get_rx_pipes_enabled            0x00000d4d   Thumb Code     6  nrf_impala.o(.text)
    nrf_impl_get_timeslot_period             0x00000d53   Thumb Code     6  nrf_impala.o(.text)
    nrf_impl_get_timeslots_per_channel_when_in_sync 0x00000d59   Thumb Code     6  nrf_impala.o(.text)
    nrf_impl_get_timeslots_per_channel_when_out_of_sync 0x00000d5f   Thumb Code     6  nrf_impala.o(.text)
    nrf_impl_get_max_allowed_tx_attempts     0x00000d65   Thumb Code     6  nrf_impala.o(.text)
    nrf_impl_enable_rssi                     0x00000d6b   Thumb Code    24  nrf_impala.o(.text)
    nrf_impl_get_channel_selection_policy    0x00000d83   Thumb Code     6  nrf_impala.o(.text)
    nrf_impl_get_idle_activity_config        0x00000d89   Thumb Code     6  nrf_impala.o(.text)
    nrf_impl_get_xosc_ctl                    0x00000d8f   Thumb Code     6  nrf_impala.o(.text)
    async_state_tx_ack_complete              0x00000d95   Thumb Code    14  nrf_impala.o(.text)
    async_state_packet_received              0x00000da3   Thumb Code   330  nrf_impala.o(.text)
    async_state_rx_active                    0x00000eed   Thumb Code    32  nrf_impala.o(.text)
    async_state_rx_enabling                  0x00000f0d   Thumb Code   222  nrf_impala.o(.text)
    nrf_impl_state_fun_timeslot_start        0x00001101   Thumb Code  1216  nrf_impala.o(.text)
    nrf_impl_state_fun_device_send_packet    0x000015c1   Thumb Code    74  nrf_impala.o(.text)
    NRF_ASSERT_INTERNAL_parse_and_forward    0x00001795   Thumb Code     8  nrf_assert_internal.o(.text)
    nrf_chm_init                             0x0000179d   Thumb Code    26  nrf_channel_manager.o(.text)
    nrf_chm_execute_single_tick              0x000017b7   Thumb Code    38  nrf_channel_manager.o(.text)
    nrf_chm_execute_ticks                    0x000017dd   Thumb Code   108  nrf_channel_manager.o(.text)
    nrf_chm_ticks_until_channel_switch       0x00001849   Thumb Code    14  nrf_channel_manager.o(.text)
    nrf_chm_ticks_until_desired_channel      0x00001857   Thumb Code    60  nrf_channel_manager.o(.text)
    nrf_chm_ticks_until_current_timeslot_in_range 0x00001893   Thumb Code    66  nrf_channel_manager.o(.text)
    nrf_chm_ticks_until_current_timeslot_in_range_on_desired_channel 0x000018d5   Thumb Code   142  nrf_channel_manager.o(.text)
    nrf_chm_get_current_channel              0x00001963   Thumb Code    32  nrf_channel_manager.o(.text)
    nrf_chm_set_current_channel_index        0x00001983   Thumb Code    26  nrf_channel_manager.o(.text)
    nrf_chm_get_current_channel_index        0x0000199d   Thumb Code     6  nrf_channel_manager.o(.text)
    nrf_chm_set_current_timeslot             0x000019a3   Thumb Code    26  nrf_channel_manager.o(.text)
    nrf_chm_get_current_timeslot             0x000019bd   Thumb Code     6  nrf_channel_manager.o(.text)
    nrf_flw_init                             0x000019e9   Thumb Code    76  nrf_flywheel.o(.text)
    nrf_flw_start                            0x00001a35   Thumb Code    14  nrf_flywheel.o(.text)
    nrf_flw_stop                             0x00001a43   Thumb Code    32  nrf_flywheel.o(.text)
    nrf_flw_get_runstate                     0x00001a63   Thumb Code     6  nrf_flywheel.o(.text)
    nrf_flw_task_is_delayed                  0x00001a69   Thumb Code     6  nrf_flywheel.o(.text)
    NRF_flw_prepare_call                     0x00001a6f   Thumb Code   196  nrf_flywheel.o(.text)
    nrf_flw_get_ext_capture_task             0x00001b33   Thumb Code     4  nrf_flywheel.o(.text)
    nrf_flw_get_flw_call_event               0x00001b37   Thumb Code     4  nrf_flywheel.o(.text)
    TIMER2_IRQHandler                        0x00001b3b   Thumb Code    84  nrf_flywheel.o(.text)
    nrf_lcore_force_disable                  0x00001be1   Thumb Code   114  nrf_link_core.o(.text)
    nrf_lcore_init                           0x00001c53   Thumb Code    54  nrf_link_core.o(.text)
    TESTONLY_current_state_is_legal          0x00001c89   Thumb Code    40  nrf_link_core.o(.text)
    nrf_lcore_prepare_operation              0x00001cb1   Thumb Code   176  nrf_link_core.o(.text)
    nrf_lcore_start_operation                0x00001d61   Thumb Code   122  nrf_link_core.o(.text)
    print_lc_debug_info                      0x00001ddb   Thumb Code     2  nrf_link_core.o(.text)
    RADIO_IRQHandler                         0x00001ead   Thumb Code   528  nrf_link_core.o(.text)
    nrf_nm_init                              0x000020c9   Thumb Code    36  nrf_notification_manager.o(.text)
    nrf_nm_add                               0x000020ed   Thumb Code   100  nrf_notification_manager.o(.text)
    nrf_nm_get_remaining_space_in_notification_queue 0x00002151   Thumb Code    12  nrf_notification_manager.o(.text)
    SWI0_IRQHandler                          0x0000215d   Thumb Code   130  nrf_notification_manager.o(.text)
    nrf_pm_init                              0x000021fd   Thumb Code    90  nrf_packet_manager.o(.text)
    nrf_pm_get_ack_payload_pending           0x00002257   Thumb Code     6  nrf_packet_manager.o(.text)
    nrf_pm_there_is_ptx_packet_to_be_serviced 0x0000225d   Thumb Code     6  nrf_packet_manager.o(.text)
    nrf_pm_reserve_packet                    0x00002263   Thumb Code     8  nrf_packet_manager.o(.text)
    nrf_pm_get_rx_fifo_status                0x0000226b   Thumb Code    10  nrf_packet_manager.o(.text)
    nrf_pm_read_tx_fifo                      0x00002275   Thumb Code     8  nrf_packet_manager.o(.text)
    nrf_pm_start_ptx                         0x0000227d   Thumb Code   156  nrf_packet_manager.o(.text)
    nrf_pm_search_for_ptx_pipe_to_service    0x00002319   Thumb Code    64  nrf_packet_manager.o(.text)
    nrf_pm_end_ptx                           0x00002359   Thumb Code   182  nrf_packet_manager.o(.text)
    nrf_pm_get_current_ptx_pipe              0x0000240f   Thumb Code     6  nrf_packet_manager.o(.text)
    nrf_pm_get_current_ptx_packet            0x00002415   Thumb Code     6  nrf_packet_manager.o(.text)
    nrf_pm_get_current_ptx_ack_ptr           0x0000241b   Thumb Code     6  nrf_packet_manager.o(.text)
    nrf_pm_start_prx                         0x00002421   Thumb Code    62  nrf_packet_manager.o(.text)
    nrf_pm_free_packet                       0x0000245f   Thumb Code     8  nrf_packet_manager.o(.text)
    nrf_pm_get_tx_fifo_status                0x00002467   Thumb Code     8  nrf_packet_manager.o(.text)
    nrf_pm_end_prx                           0x0000246f   Thumb Code   364  nrf_packet_manager.o(.text)
    nrf_pm_get_state                         0x000025db   Thumb Code    86  nrf_packet_manager.o(.text)
    nrf_pm_get_available_fifo_packets        0x00002631   Thumb Code     8  nrf_packet_manager.o(.text)
    nrf_pm_put_tx_fifo                       0x00002639   Thumb Code    38  nrf_packet_manager.o(.text)
    nrf_pm_flush_tx_fifo                     0x0000265f   Thumb Code    44  nrf_packet_manager.o(.text)
    nrf_pm_read_rx_fifo                      0x0000268b   Thumb Code    10  nrf_packet_manager.o(.text)
    nrf_pm_pop_rx_fifo                       0x00002695   Thumb Code    10  nrf_packet_manager.o(.text)
    nrf_pm_flush_rx_fifo                     0x0000269f   Thumb Code    10  nrf_packet_manager.o(.text)
    nrf_pm_set_dyn_ack_status                0x000026a9   Thumb Code     6  nrf_packet_manager.o(.text)
    nrf_pm_get_dyn_ack_status                0x000026af   Thumb Code     6  nrf_packet_manager.o(.text)
    nrf_sm_init                              0x000026c1   Thumb Code    10  nrf_state_machine.o(.text)
    nrf_sm_set_next_state                    0x000026cb   Thumb Code    20  nrf_state_machine.o(.text)
    nrf_sm_get_current_state                 0x000026df   Thumb Code     6  nrf_state_machine.o(.text)
    nrf_sm_get_prev_state                    0x000026e5   Thumb Code     6  nrf_state_machine.o(.text)
    nrf_sm_get_next_state                    0x000026eb   Thumb Code     6  nrf_state_machine.o(.text)
    nrf_sm_execute                           0x000026f1   Thumb Code    18  nrf_state_machine.o(.text)
    nrf_fifo_init                            0x00002711   Thumb Code   132  nrf_fifo.o(.text)
    nrf_fifo_reserve_packet                  0x00002795   Thumb Code    92  nrf_fifo.o(.text)
    nrf_fifo_free_packet                     0x000027f1   Thumb Code   110  nrf_fifo.o(.text)
    nrf_fifo_put_packet                      0x0000285f   Thumb Code   140  nrf_fifo.o(.text)
    nrf_fifo_pop_packet                      0x000028eb   Thumb Code    72  nrf_fifo.o(.text)
    nrf_fifo_read_packet                     0x00002933   Thumb Code    48  nrf_fifo.o(.text)
    nrf_fifo_flush                           0x00002963   Thumb Code   224  nrf_fifo.o(.text)
    __aeabi_uidiv                            0x00002a89   Thumb Code     0  uidiv.o(.text)
    __aeabi_uidivmod                         0x00002a89   Thumb Code    44  uidiv.o(.text)
    __aeabi_memcpy                           0x00002ab5   Thumb Code    36  memcpya.o(.text)
    __aeabi_memcpy4                          0x00002ab5   Thumb Code     0  memcpya.o(.text)
    __aeabi_memcpy8                          0x00002ab5   Thumb Code     0  memcpya.o(.text)
    __aeabi_memset                           0x00002ad9   Thumb Code    14  memseta.o(.text)
    __aeabi_memset4                          0x00002ad9   Thumb Code     0  memseta.o(.text)
    __aeabi_memset8                          0x00002ad9   Thumb Code     0  memseta.o(.text)
    __aeabi_memclr                           0x00002ae7   Thumb Code     4  memseta.o(.text)
    __aeabi_memclr4                          0x00002ae7   Thumb Code     0  memseta.o(.text)
    __aeabi_memclr8                          0x00002ae7   Thumb Code     0  memseta.o(.text)
    _memset$wrapper                          0x00002aeb   Thumb Code    18  memseta.o(.text)
    __scatterload                            0x00002afd   Thumb Code    28  init.o(.text)
    __scatterload_rt2                        0x00002afd   Thumb Code     0  init.o(.text)
    SystemInit                               0x00002b21   Thumb Code    38  system_nrf51.o(i.SystemInit)
    __scatterload_copy                       0x00002b59   Thumb Code    14  handlers.o(i.__scatterload_copy)
    __scatterload_null                       0x00002b67   Thumb Code     2  handlers.o(i.__scatterload_null)
    __scatterload_zeroinit                   0x00002b69   Thumb Code    14  handlers.o(i.__scatterload_zeroinit)
    main                                     0x00002c6d   Thumb Code    84  main.o(i.main)
    nrf_delay_ms                             0x00002cc5   Thumb Code    24  nrf_delay.o(i.nrf_delay_ms)
    nrf_esb_disabled                         0x00002ce1   Thumb Code     2  main.o(i.nrf_esb_disabled)
    nrf_esb_rx_data_ready                    0x00002ce3   Thumb Code    14  main.o(i.nrf_esb_rx_data_ready)
    nrf_esb_tx_failed                        0x00002cf1   Thumb Code    18  main.o(i.nrf_esb_tx_failed)
    nrf_esb_tx_success                       0x00002d03   Thumb Code    14  main.o(i.nrf_esb_tx_success)
    nrf_fifo_get_available_packet_count      0x00002d11   Thumb Code     6  nrf_fifo.o(i.nrf_fifo_get_available_packet_count)
    nrf_fifo_get_packet_count                0x00002d1d   Thumb Code    24  nrf_fifo.o(i.nrf_fifo_get_packet_count)
    nrf_impl_get_crc_length                  0x00002d99   Thumb Code     8  nrf_impala.o(i.nrf_impl_get_crc_length)
    nrf_impl_get_datarate                    0x00002da5   Thumb Code     8  nrf_impala.o(i.nrf_impl_get_datarate)
    nrf_impl_get_tx_power                    0x00002db1   Thumb Code     8  nrf_impala.o(i.nrf_impl_get_tx_power)
    nrf_impl_set_datarate                    0x00002dbd   Thumb Code    90  nrf_impala.o(i.nrf_impl_set_datarate)
    nrf_impl_set_tx_power                    0x00002e49   Thumb Code     6  nrf_impala.o(i.nrf_impl_set_tx_power)
    nrf_lcore_rx_address_match               0x00002e55   Thumb Code    12  nrf_link_core.o(i.nrf_lcore_rx_address_match)
    simple_uart_config                       0x00002e65   Thumb Code    90  simple_uart.o(i.simple_uart_config)
    Region$$Table$$Base                      0x00002f00   Number         0  anon$$obj.o(Region$$Table)
    Region$$Table$$Limit                     0x00002f10   Number         0  anon$$obj.o(Region$$Table)
    SystemCoreClock                          0x20000014   Data           4  system_nrf51.o(.data)
    assert_count                             0x2000001c   Data           4  nrf_esb.o(.data)
    impl_status                              0x20000024   Data           4  nrf_esb.o(.data)
    impl_async_state                         0x20000028   Data           1  nrf_impala.o(.data)
    runstate                                 0x2000003c   Data           1  nrf_flywheel.o(.data)
    nrf_pm_ack_payload_pending               0x20000048   Data           8  nrf_packet_manager.o(.data)
    sm_status                                0x20000050   Data           3  nrf_state_machine.o(.data)
    state_functions                          0x20000054   Data           8  nrf_state_machine.o(.data)
    available_packet_count                   0x2000005c   Data           4  nrf_fifo.o(.data)
    impl_internal_params                     0x20000060   Data          32  nrf_impala.o(.bss)
    nrf_impl_status                          0x20000080   Data          28  nrf_impala.o(.bss)
    lcore_config                             0x2000009c   Data          24  nrf_impala.o(.bss)
    nrf_lcore_status                         0x200000c0   Data          36  nrf_link_core.o(.bss)
    nm_status                                0x200000e4   Data         136  nrf_notification_manager.o(.bss)
    pm_status                                0x2000016c   Data         148  nrf_packet_manager.o(.bss)
    pipe_status                              0x20000200   Data          48  nrf_fifo.o(.bss)
    fifo_contents                            0x20000230   Data         192  nrf_fifo.o(.bss)
    available_packets                        0x200002f0   Data          24  nrf_fifo.o(.bss)
    packet_pool                              0x20000308   Data         204  nrf_fifo.o(.bss)
    __initial_sp                             0x20000bd8   Data           0  startup_arm_nrf51.o(STACK)



==============================================================================

Memory Map of the image

  Image Entry point : 0x000000c1

  Load Region LR_IROM1 (Base: 0x00000000, Size: 0x00002f70, Max: 0x00040000, ABSOLUTE)

    Execution Region ER_IROM1 (Base: 0x00000000, Size: 0x00002f10, Max: 0x00040000, ABSOLUTE)

    Base Addr    Size         Type   Attr      Idx    E Section Name        Object

    0x00000000   0x000000c0   Data   RO          125    RESET               startup_arm_nrf51.o
    0x000000c0   0x00000000   Code   RO          360  * .ARM.Collect$$$$00000000  mc_p.l(entry.o)
    0x000000c0   0x00000004   Code   RO          371    .ARM.Collect$$$$00000001  mc_p.l(entry2.o)
    0x000000c4   0x00000004   Code   RO          374    .ARM.Collect$$$$00000004  mc_p.l(entry5.o)
    0x000000c8   0x00000000   Code   RO          376    .ARM.Collect$$$$00000008  mc_p.l(entry7b.o)
    0x000000c8   0x00000000   Code   RO          378    .ARM.Collect$$$$0000000A  mc_p.l(entry8b.o)
    0x000000c8   0x00000008   Code   RO          379    .ARM.Collect$$$$0000000B  mc_p.l(entry9a.o)
    0x000000d0   0x00000000   Code   RO          381    .ARM.Collect$$$$0000000D  mc_p.l(entry10a.o)
    0x000000d0   0x00000000   Code   RO          383    .ARM.Collect$$$$0000000F  mc_p.l(entry11a.o)
    0x000000d0   0x00000004   Code   RO          372    .ARM.Collect$$$$00002712  mc_p.l(entry2.o)
    0x000000d4   0x0000001e   Code   RO          174    .emb_text           nrf_delay.o
    0x000000f2   0x00000002   PAD
    0x000000f4   0x0000001e   Code   RO          313    .emb_text           esb_arm.lib(nrf_link_core.o)
    0x00000112   0x00000002   PAD
    0x00000114   0x0000002c   Code   RO          126    .text               startup_arm_nrf51.o
    0x00000140   0x000005bc   Code   RO          266    .text               esb_arm.lib(nrf_esb.o)
    0x000006fc   0x00001098   Code   RO          273    .text               esb_arm.lib(nrf_impala.o)
    0x00001794   0x00000008   Code   RO          291    .text               esb_arm.lib(nrf_assert_internal.o)
    0x0000179c   0x0000024c   Code   RO          297    .text               esb_arm.lib(nrf_channel_manager.o)
    0x000019e8   0x000001f8   Code   RO          305    .text               esb_arm.lib(nrf_flywheel.o)
    0x00001be0   0x000004e8   Code   RO          314    .text               esb_arm.lib(nrf_link_core.o)
    0x000020c8   0x00000134   Code   RO          326    .text               esb_arm.lib(nrf_notification_manager.o)
    0x000021fc   0x000004c4   Code   RO          333    .text               esb_arm.lib(nrf_packet_manager.o)
    0x000026c0   0x00000050   Code   RO          343    .text               esb_arm.lib(nrf_state_machine.o)
    0x00002710   0x00000378   Code   RO          350    .text               esb_arm.lib(nrf_fifo.o)
    0x00002a88   0x0000002c   Code   RO          363    .text               mc_p.l(uidiv.o)
    0x00002ab4   0x00000024   Code   RO          365    .text               mc_p.l(memcpya.o)
    0x00002ad8   0x00000024   Code   RO          367    .text               mc_p.l(memseta.o)
    0x00002afc   0x00000024   Code   RO          385    .text               mc_p.l(init.o)
    0x00002b20   0x00000038   Code   RO          133    i.SystemInit        system_nrf51.o
    0x00002b58   0x0000000e   Code   RO          389    i.__scatterload_copy  mc_p.l(handlers.o)
    0x00002b66   0x00000002   Code   RO          390    i.__scatterload_null  mc_p.l(handlers.o)
    0x00002b68   0x0000000e   Code   RO          391    i.__scatterload_zeroinit  mc_p.l(handlers.o)
    0x00002b76   0x00000002   PAD
    0x00002b78   0x00000050   Code   RO            4    i.esb_init          main.o
    0x00002bc8   0x00000038   Code   RO          134    i.is_disabled_in_debug_needed  system_nrf51.o
    0x00002c00   0x0000006c   Code   RO          135    i.is_manual_peripheral_setup_needed  system_nrf51.o
    0x00002c6c   0x00000058   Code   RO            5    i.main              main.o
    0x00002cc4   0x0000001c   Code   RO          175    i.nrf_delay_ms      nrf_delay.o
    0x00002ce0   0x00000002   Code   RO            6    i.nrf_esb_disabled  main.o
    0x00002ce2   0x0000000e   Code   RO            7    i.nrf_esb_rx_data_ready  main.o
    0x00002cf0   0x00000012   Code   RO            8    i.nrf_esb_tx_failed  main.o
    0x00002d02   0x0000000e   Code   RO            9    i.nrf_esb_tx_success  main.o
    0x00002d10   0x0000000c   Code   RO          358    i.nrf_fifo_get_available_packet_count  esb_arm.lib(nrf_fifo.o)
    0x00002d1c   0x00000020   Code   RO          356    i.nrf_fifo_get_packet_count  esb_arm.lib(nrf_fifo.o)
    0x00002d3c   0x00000014   Code   RO          206    i.nrf_gpio_cfg_input  simple_uart.o
    0x00002d50   0x00000012   Code   RO           10    i.nrf_gpio_cfg_output  main.o
    0x00002d62   0x00000012   Code   RO          207    i.nrf_gpio_cfg_output  simple_uart.o
    0x00002d74   0x00000010   Code   RO           11    i.nrf_gpio_pin_clear  main.o
    0x00002d84   0x00000014   Code   RO           12    i.nrf_gpio_pin_toggle  main.o
    0x00002d98   0x0000000c   Code   RO          285    i.nrf_impl_get_crc_length  esb_arm.lib(nrf_impala.o)
    0x00002da4   0x0000000c   Code   RO          287    i.nrf_impl_get_datarate  esb_arm.lib(nrf_impala.o)
    0x00002db0   0x0000000c   Code   RO          283    i.nrf_impl_get_tx_power  esb_arm.lib(nrf_impala.o)
    0x00002dbc   0x0000008c   Code   RO          279    i.nrf_impl_set_datarate  esb_arm.lib(nrf_impala.o)
    0x00002e48   0x0000000c   Code   RO          281    i.nrf_impl_set_tx_power  esb_arm.lib(nrf_impala.o)
    0x00002e54   0x00000010   Code   RO          322    i.nrf_lcore_rx_address_match  esb_arm.lib(nrf_link_core.o)
    0x00002e64   0x0000006c   Code   RO          208    i.simple_uart_config  simple_uart.o
    0x00002ed0   0x00000030   Data   RO          316    .constdata          esb_arm.lib(nrf_link_core.o)
    0x00002f00   0x00000010   Data   RO          387    Region$$Table       anon$$obj.o


    Execution Region RW_IRAM1 (Base: 0x20000000, Size: 0x00000bd8, Max: 0x00004000, ABSOLUTE, UNINIT)

    Base Addr    Size         Type   Attr      Idx    E Section Name        Object

    0x20000000   0x00000014   Data   RW           13    .data               main.o
    0x20000014   0x00000004   Data   RW          136    .data               system_nrf51.o
    0x20000018   0x00000010   Data   RW          267    .data               esb_arm.lib(nrf_esb.o)
    0x20000028   0x00000008   Data   RW          275    .data               esb_arm.lib(nrf_impala.o)
    0x20000030   0x0000000c   Data   RW          298    .data               esb_arm.lib(nrf_channel_manager.o)
    0x2000003c   0x00000008   Data   RW          306    .data               esb_arm.lib(nrf_flywheel.o)
    0x20000044   0x00000004   Data   RW          317    .data               esb_arm.lib(nrf_link_core.o)
    0x20000048   0x00000008   Data   RW          335    .data               esb_arm.lib(nrf_packet_manager.o)
    0x20000050   0x0000000c   Data   RW          344    .data               esb_arm.lib(nrf_state_machine.o)
    0x2000005c   0x00000004   Data   RW          352    .data               esb_arm.lib(nrf_fifo.o)
    0x20000060   0x00000060   Zero   RW          274    .bss                esb_arm.lib(nrf_impala.o)
    0x200000c0   0x00000024   Zero   RW          315    .bss                esb_arm.lib(nrf_link_core.o)
    0x200000e4   0x00000088   Zero   RW          327    .bss                esb_arm.lib(nrf_notification_manager.o)
    0x2000016c   0x00000094   Zero   RW          334    .bss                esb_arm.lib(nrf_packet_manager.o)
    0x20000200   0x000001d4   Zero   RW          351    .bss                esb_arm.lib(nrf_fifo.o)
    0x200003d4   0x00000004   PAD
    0x200003d8   0x00000800   Zero   RW          123    STACK               startup_arm_nrf51.o


==============================================================================

Image component sizes


      Code (inc. data)   RO Data    RW Data    ZI Data      Debug   Object Name

       270         20          0         20          0      11231   main.o
        58          4          0          0          0       1443   nrf_delay.o
       146         18          0          0          0       3761   simple_uart.o
        44         14        192          0       2048        688   startup_arm_nrf51.o
       220         26          0          4          0       1939   system_nrf51.o

    ----------------------------------------------------------------------
       740         82        208         24       2048      19062   Object Totals
         0          0         16          0          0          0   (incl. Generated)
         2          0          0          0          0          0   (incl. Padding)

    ----------------------------------------------------------------------

      Code (inc. data)   RO Data    RW Data    ZI Data      Debug   Library Member Name

         8          0          0          0          0         68   nrf_assert_internal.o
       588         38          0         12          0        464   nrf_channel_manager.o
      1468         98          0         16          0       1128   nrf_esb.o
       932         84          0          4        468        424   nrf_fifo.o
       504         82          0          8          0        376   nrf_flywheel.o
      4436        398          0          8         96       1884   nrf_impala.o
      1302        156         48          4         36        440   nrf_link_core.o
       308         30          0          0        136        188   nrf_notification_manager.o
      1220         92          0          8        148        716   nrf_packet_manager.o
        80         14          0         12          0        236   nrf_state_machine.o
         0          0          0          0          0          0   entry.o
         0          0          0          0          0          0   entry10a.o
         0          0          0          0          0          0   entry11a.o
         8          4          0          0          0          0   entry2.o
         4          0          0          0          0          0   entry5.o
         0          0          0          0          0          0   entry7b.o
         0          0          0          0          0          0   entry8b.o
         8          4          0          0          0          0   entry9a.o
        30          0          0          0          0          0   handlers.o
        36          8          0          0          0         68   init.o
        36          0          0          0          0         60   memcpya.o
        36          0          0          0          0        100   memseta.o
        44          0          0          0          0         72   uidiv.o

    ----------------------------------------------------------------------
     11052       1008         48         72        888       6224   Library Totals
         4          0          0          0          4          0   (incl. Padding)

    ----------------------------------------------------------------------

      Code (inc. data)   RO Data    RW Data    ZI Data      Debug   Library Name

     10846        992         48         72        884       5924   esb_arm.lib
       202         16          0          0          0        300   mc_p.l

    ----------------------------------------------------------------------
     11052       1008         48         72        888       6224   Library Totals

    ----------------------------------------------------------------------

==============================================================================


      Code (inc. data)   RO Data    RW Data    ZI Data      Debug   

     11792       1090        256         96       2936      23178   Grand Totals
     11792       1090        256         96       2936      23178   ELF Image Totals
     11792       1090        256         96          0          0   ROM Totals

==============================================================================

    Total RO  Size (Code + RO Data)                12048 (  11.77kB)
    Total RW  Size (RW Data + ZI Data)              3032 (   2.96kB)
    Total ROM Size (Code + RO Data + RW Data)      12144 (  11.86kB)

==============================================================================

