Product: MDK-ARM Lite 5.10
Component: ARM Compiler 5.04 update 1 (build 49)
Tool: armlink [5040049]

==============================================================================

Section Cross References

    main.o(i.main) refers to main.o(i.nrf_gpio_cfg_output) for nrf_gpio_cfg_output
    main.o(i.main) refers to main.o(i.nrf_gpio_pin_clear) for nrf_gpio_pin_clear
    main.o(i.main) refers to main.o(i.nrf_gpio_pin_set) for nrf_gpio_pin_set
    main.o(i.main) refers to nrf_delay.o(i.nrf_delay_ms) for nrf_delay_ms
    startup_arm_nrf51.o(RESET) refers to startup_arm_nrf51.o(STACK) for __initial_sp
    startup_arm_nrf51.o(RESET) refers to startup_arm_nrf51.o(.text) for Reset_Handler
    startup_arm_nrf51.o(.text) refers to system_nrf51.o(i.SystemInit) for SystemInit
    startup_arm_nrf51.o(.text) refers to entry.o(.ARM.Collect$$$$00000000) for __main
    system_nrf51.o(i.SystemCoreClockUpdate) refers to system_nrf51.o(.data) for SystemCoreClock
    system_nrf51.o(i.SystemInit) refers to system_nrf51.o(i.is_manual_peripheral_setup_needed) for is_manual_peripheral_setup_needed
    system_nrf51.o(i.SystemInit) refers to system_nrf51.o(i.is_disabled_in_debug_needed) for is_disabled_in_debug_needed
    nrf_delay.o(i.nrf_delay_ms) refers to nrf_delay.o(.emb_text) for __asm___11_nrf_delay_c_532987f3__nrf_delay_us
    entry.o(.ARM.Collect$$$$00000000) refers (Special) to entry10a.o(.ARM.Collect$$$$0000000D) for __rt_final_cpp
    entry.o(.ARM.Collect$$$$00000000) refers (Special) to entry11a.o(.ARM.Collect$$$$0000000F) for __rt_final_exit
    entry.o(.ARM.Collect$$$$00000000) refers (Special) to entry7b.o(.ARM.Collect$$$$00000008) for _main_clock
    entry.o(.ARM.Collect$$$$00000000) refers (Special) to entry8b.o(.ARM.Collect$$$$0000000A) for _main_cpp_init
    entry.o(.ARM.Collect$$$$00000000) refers (Special) to entry9a.o(.ARM.Collect$$$$0000000B) for _main_init
    entry.o(.ARM.Collect$$$$00000000) refers (Special) to entry5.o(.ARM.Collect$$$$00000004) for _main_scatterload
    entry.o(.ARM.Collect$$$$00000000) refers (Special) to entry2.o(.ARM.Collect$$$$00000001) for _main_stk
    entry2.o(.ARM.Collect$$$$00000001) refers to entry2.o(.ARM.Collect$$$$00002712) for __lit__00000000
    entry2.o(.ARM.Collect$$$$00002712) refers to startup_arm_nrf51.o(STACK) for __initial_sp
    entry2.o(__vectab_stack_and_reset_area) refers to startup_arm_nrf51.o(STACK) for __initial_sp
    entry2.o(__vectab_stack_and_reset_area) refers to entry.o(.ARM.Collect$$$$00000000) for __main
    entry5.o(.ARM.Collect$$$$00000004) refers to init.o(.text) for __scatterload
    entry9a.o(.ARM.Collect$$$$0000000B) refers to main.o(i.main) for main
    entry9b.o(.ARM.Collect$$$$0000000C) refers to main.o(i.main) for main
    init.o(.text) refers to entry5.o(.ARM.Collect$$$$00000004) for __main_after_scatterload


==============================================================================

Removing Unused input sections from the image.

    Removing main.o(.rev16_text), (4 bytes).
    Removing main.o(.revsh_text), (4 bytes).
    Removing main.o(.emb_text), (30 bytes).
    Removing startup_arm_nrf51.o(HEAP), (2048 bytes).
    Removing system_nrf51.o(.rev16_text), (4 bytes).
    Removing system_nrf51.o(.revsh_text), (4 bytes).
    Removing system_nrf51.o(i.SystemCoreClockUpdate), (16 bytes).
    Removing nrf_delay.o(.rev16_text), (4 bytes).
    Removing nrf_delay.o(.revsh_text), (4 bytes).

9 unused section(s) (total 2118 bytes) removed from the image.

==============================================================================

Image Symbol Table

    Local Symbols

    Symbol Name                              Value     Ov Type        Size  Object(Section)

    RESET                                    0x00000000   Section      192  startup_arm_nrf51.o(RESET)
    ../clib/microlib/init/entry.s            0x00000000   Number         0  entry7a.o ABSOLUTE
    ../clib/microlib/init/entry.s            0x00000000   Number         0  entry7b.o ABSOLUTE
    ../clib/microlib/init/entry.s            0x00000000   Number         0  entry5.o ABSOLUTE
    ../clib/microlib/init/entry.s            0x00000000   Number         0  entry.o ABSOLUTE
    ../clib/microlib/init/entry.s            0x00000000   Number         0  entry2.o ABSOLUTE
    ../clib/microlib/init/entry.s            0x00000000   Number         0  entry11b.o ABSOLUTE
    ../clib/microlib/init/entry.s            0x00000000   Number         0  entry11a.o ABSOLUTE
    ../clib/microlib/init/entry.s            0x00000000   Number         0  entry10b.o ABSOLUTE
    ../clib/microlib/init/entry.s            0x00000000   Number         0  entry10a.o ABSOLUTE
    ../clib/microlib/init/entry.s            0x00000000   Number         0  entry9b.o ABSOLUTE
    ../clib/microlib/init/entry.s            0x00000000   Number         0  entry9a.o ABSOLUTE
    ../clib/microlib/init/entry.s            0x00000000   Number         0  entry8b.o ABSOLUTE
    ../clib/microlib/init/entry.s            0x00000000   Number         0  entry8a.o ABSOLUTE
    ..\..\..\..\Source\nrf_delay\nrf_delay.c 0x00000000   Number         0  nrf_delay.o ABSOLUTE
    ..\..\..\..\Source\templates\arm\arm_startup_nrf51.s 0x00000000   Number         0  startup_arm_nrf51.o ABSOLUTE
    ..\..\..\..\Source\templates\system_nrf51.c 0x00000000   Number         0  system_nrf51.o ABSOLUTE
    ..\\..\\..\\..\\Source\\nrf_delay\\nrf_delay.c 0x00000000   Number         0  nrf_delay.o ABSOLUTE
    ..\\..\\..\\..\\Source\\templates\\system_nrf51.c 0x00000000   Number         0  system_nrf51.o ABSOLUTE
    ..\\main.c                               0x00000000   Number         0  main.o ABSOLUTE
    ..\main.c                                0x00000000   Number         0  main.o ABSOLUTE
    dc.s                                     0x00000000   Number         0  dc.o ABSOLUTE
    handlers.s                               0x00000000   Number         0  handlers.o ABSOLUTE
    init.s                                   0x00000000   Number         0  init.o ABSOLUTE
    .ARM.Collect$$$$00000000                 0x000000c0   Section        0  entry.o(.ARM.Collect$$$$00000000)
    .ARM.Collect$$$$00000001                 0x000000c0   Section        4  entry2.o(.ARM.Collect$$$$00000001)
    .ARM.Collect$$$$00000004                 0x000000c4   Section        4  entry5.o(.ARM.Collect$$$$00000004)
    .ARM.Collect$$$$00000008                 0x000000c8   Section        0  entry7b.o(.ARM.Collect$$$$00000008)
    .ARM.Collect$$$$0000000A                 0x000000c8   Section        0  entry8b.o(.ARM.Collect$$$$0000000A)
    .ARM.Collect$$$$0000000B                 0x000000c8   Section        8  entry9a.o(.ARM.Collect$$$$0000000B)
    .ARM.Collect$$$$0000000D                 0x000000d0   Section        0  entry10a.o(.ARM.Collect$$$$0000000D)
    .ARM.Collect$$$$0000000F                 0x000000d0   Section        0  entry11a.o(.ARM.Collect$$$$0000000F)
    .ARM.Collect$$$$00002712                 0x000000d0   Section        4  entry2.o(.ARM.Collect$$$$00002712)
    __lit__00000000                          0x000000d0   Data           4  entry2.o(.ARM.Collect$$$$00002712)
    .emb_text                                0x000000d4   Section       30  nrf_delay.o(.emb_text)
    .text                                    0x000000f4   Section       44  startup_arm_nrf51.o(.text)
    .text                                    0x00000120   Section       36  init.o(.text)
    i.SystemInit                             0x00000144   Section        0  system_nrf51.o(i.SystemInit)
    i.__scatterload_copy                     0x0000017c   Section       14  handlers.o(i.__scatterload_copy)
    i.__scatterload_null                     0x0000018a   Section        2  handlers.o(i.__scatterload_null)
    i.__scatterload_zeroinit                 0x0000018c   Section       14  handlers.o(i.__scatterload_zeroinit)
    i.is_disabled_in_debug_needed            0x0000019c   Section        0  system_nrf51.o(i.is_disabled_in_debug_needed)
    is_disabled_in_debug_needed              0x0000019d   Thumb Code    52  system_nrf51.o(i.is_disabled_in_debug_needed)
    i.is_manual_peripheral_setup_needed      0x000001d4   Section        0  system_nrf51.o(i.is_manual_peripheral_setup_needed)
    is_manual_peripheral_setup_needed        0x000001d5   Thumb Code   104  system_nrf51.o(i.is_manual_peripheral_setup_needed)
    i.main                                   0x00000240   Section        0  main.o(i.main)
    i.nrf_delay_ms                           0x00000274   Section        0  nrf_delay.o(i.nrf_delay_ms)
    i.nrf_gpio_cfg_output                    0x00000290   Section        0  main.o(i.nrf_gpio_cfg_output)
    nrf_gpio_cfg_output                      0x00000291   Thumb Code    18  main.o(i.nrf_gpio_cfg_output)
    i.nrf_gpio_pin_clear                     0x000002a4   Section        0  main.o(i.nrf_gpio_pin_clear)
    nrf_gpio_pin_clear                       0x000002a5   Thumb Code    10  main.o(i.nrf_gpio_pin_clear)
    i.nrf_gpio_pin_set                       0x000002b4   Section        0  main.o(i.nrf_gpio_pin_set)
    nrf_gpio_pin_set                         0x000002b5   Thumb Code    10  main.o(i.nrf_gpio_pin_set)
    .data                                    0x20000000   Section        4  system_nrf51.o(.data)
    __tagsym$$used                           0x20000000   Number         0  system_nrf51.o(.data)
    STACK                                    0x20000008   Section     2048  startup_arm_nrf51.o(STACK)

    Global Symbols

    Symbol Name                              Value     Ov Type        Size  Object(Section)

    BuildAttributes$$THM_ISAv3M$S$PE$A:L22$X:L11$S22$IEEE1$IW$USESV6$~STKCKD$USESV7$~SHL$OSPACE$EBA8$MICROLIB$REQ8$PRES8$EABIv2 0x00000000   Number         0  anon$$obj.o ABSOLUTE
    __ARM_use_no_argv                        0x00000000   Number         0  main.o ABSOLUTE
    __Vectors                                0x00000000   Data           4  startup_arm_nrf51.o(RESET)
    __cpp_initialize__aeabi_                  - Undefined Weak Reference
    __cxa_finalize                            - Undefined Weak Reference
    __decompress                              - Undefined Weak Reference
    _clock_init                               - Undefined Weak Reference
    _microlib_exit                            - Undefined Weak Reference
    __Vectors_End                            0x000000c0   Data           0  startup_arm_nrf51.o(RESET)
    __Vectors_Size                           0x000000c0   Number         0  startup_arm_nrf51.o ABSOLUTE
    __main                                   0x000000c1   Thumb Code     0  entry.o(.ARM.Collect$$$$00000000)
    _main_stk                                0x000000c1   Thumb Code     0  entry2.o(.ARM.Collect$$$$00000001)
    _main_scatterload                        0x000000c5   Thumb Code     0  entry5.o(.ARM.Collect$$$$00000004)
    __main_after_scatterload                 0x000000c9   Thumb Code     0  entry5.o(.ARM.Collect$$$$00000004)
    _main_clock                              0x000000c9   Thumb Code     0  entry7b.o(.ARM.Collect$$$$00000008)
    _main_cpp_init                           0x000000c9   Thumb Code     0  entry8b.o(.ARM.Collect$$$$0000000A)
    _main_init                               0x000000c9   Thumb Code     0  entry9a.o(.ARM.Collect$$$$0000000B)
    __rt_final_cpp                           0x000000d1   Thumb Code     0  entry10a.o(.ARM.Collect$$$$0000000D)
    __rt_final_exit                          0x000000d1   Thumb Code     0  entry11a.o(.ARM.Collect$$$$0000000F)
    __asm___11_nrf_delay_c_532987f3__nrf_delay_us 0x000000d5   Thumb Code    30  nrf_delay.o(.emb_text)
    Reset_Handler                            0x000000f5   Thumb Code    18  startup_arm_nrf51.o(.text)
    NMI_Handler                              0x00000107   Thumb Code     2  startup_arm_nrf51.o(.text)
    HardFault_Handler                        0x00000109   Thumb Code     2  startup_arm_nrf51.o(.text)
    SVC_Handler                              0x0000010b   Thumb Code     2  startup_arm_nrf51.o(.text)
    PendSV_Handler                           0x0000010d   Thumb Code     2  startup_arm_nrf51.o(.text)
    SysTick_Handler                          0x0000010f   Thumb Code     2  startup_arm_nrf51.o(.text)
    ADC_IRQHandler                           0x00000111   Thumb Code     0  startup_arm_nrf51.o(.text)
    CCM_AAR_IRQHandler                       0x00000111   Thumb Code     0  startup_arm_nrf51.o(.text)
    ECB_IRQHandler                           0x00000111   Thumb Code     0  startup_arm_nrf51.o(.text)
    GPIOTE_IRQHandler                        0x00000111   Thumb Code     0  startup_arm_nrf51.o(.text)
    LPCOMP_COMP_IRQHandler                   0x00000111   Thumb Code     0  startup_arm_nrf51.o(.text)
    POWER_CLOCK_IRQHandler                   0x00000111   Thumb Code     0  startup_arm_nrf51.o(.text)
    QDEC_IRQHandler                          0x00000111   Thumb Code     0  startup_arm_nrf51.o(.text)
    RADIO_IRQHandler                         0x00000111   Thumb Code     0  startup_arm_nrf51.o(.text)
    RNG_IRQHandler                           0x00000111   Thumb Code     0  startup_arm_nrf51.o(.text)
    RTC0_IRQHandler                          0x00000111   Thumb Code     0  startup_arm_nrf51.o(.text)
    RTC1_IRQHandler                          0x00000111   Thumb Code     0  startup_arm_nrf51.o(.text)
    SPI0_TWI0_IRQHandler                     0x00000111   Thumb Code     0  startup_arm_nrf51.o(.text)
    SPI1_TWI1_IRQHandler                     0x00000111   Thumb Code     0  startup_arm_nrf51.o(.text)
    SWI0_IRQHandler                          0x00000111   Thumb Code     0  startup_arm_nrf51.o(.text)
    SWI1_IRQHandler                          0x00000111   Thumb Code     0  startup_arm_nrf51.o(.text)
    SWI2_IRQHandler                          0x00000111   Thumb Code     0  startup_arm_nrf51.o(.text)
    SWI3_IRQHandler                          0x00000111   Thumb Code     0  startup_arm_nrf51.o(.text)
    SWI4_IRQHandler                          0x00000111   Thumb Code     0  startup_arm_nrf51.o(.text)
    SWI5_IRQHandler                          0x00000111   Thumb Code     0  startup_arm_nrf51.o(.text)
    TEMP_IRQHandler                          0x00000111   Thumb Code     0  startup_arm_nrf51.o(.text)
    TIMER0_IRQHandler                        0x00000111   Thumb Code     0  startup_arm_nrf51.o(.text)
    TIMER1_IRQHandler                        0x00000111   Thumb Code     0  startup_arm_nrf51.o(.text)
    TIMER2_IRQHandler                        0x00000111   Thumb Code     0  startup_arm_nrf51.o(.text)
    UART0_IRQHandler                         0x00000111   Thumb Code     0  startup_arm_nrf51.o(.text)
    WDT_IRQHandler                           0x00000111   Thumb Code     0  startup_arm_nrf51.o(.text)
    __scatterload                            0x00000121   Thumb Code    28  init.o(.text)
    __scatterload_rt2                        0x00000121   Thumb Code     0  init.o(.text)
    SystemInit                               0x00000145   Thumb Code    38  system_nrf51.o(i.SystemInit)
    __scatterload_copy                       0x0000017d   Thumb Code    14  handlers.o(i.__scatterload_copy)
    __scatterload_null                       0x0000018b   Thumb Code     2  handlers.o(i.__scatterload_null)
    __scatterload_zeroinit                   0x0000018d   Thumb Code    14  handlers.o(i.__scatterload_zeroinit)
    main                                     0x00000241   Thumb Code    52  main.o(i.main)
    nrf_delay_ms                             0x00000275   Thumb Code    24  nrf_delay.o(i.nrf_delay_ms)
    Region$$Table$$Base                      0x000002c4   Number         0  anon$$obj.o(Region$$Table)
    Region$$Table$$Limit                     0x000002d4   Number         0  anon$$obj.o(Region$$Table)
    SystemCoreClock                          0x20000000   Data           4  system_nrf51.o(.data)
    __initial_sp                             0x20000808   Data           0  startup_arm_nrf51.o(STACK)



==============================================================================

Memory Map of the image

  Image Entry point : 0x000000c1

  Load Region LR_IROM1 (Base: 0x00000000, Size: 0x000002d8, Max: 0x00040000, ABSOLUTE)

    Execution Region ER_IROM1 (Base: 0x00000000, Size: 0x000002d4, Max: 0x00040000, ABSOLUTE)

    Base Addr    Size         Type   Attr      Idx    E Section Name        Object

    0x00000000   0x000000c0   Data   RO           91    RESET               startup_arm_nrf51.o
    0x000000c0   0x00000000   Code   RO          169  * .ARM.Collect$$$$00000000  mc_p.l(entry.o)
    0x000000c0   0x00000004   Code   RO          172    .ARM.Collect$$$$00000001  mc_p.l(entry2.o)
    0x000000c4   0x00000004   Code   RO          175    .ARM.Collect$$$$00000004  mc_p.l(entry5.o)
    0x000000c8   0x00000000   Code   RO          177    .ARM.Collect$$$$00000008  mc_p.l(entry7b.o)
    0x000000c8   0x00000000   Code   RO          179    .ARM.Collect$$$$0000000A  mc_p.l(entry8b.o)
    0x000000c8   0x00000008   Code   RO          180    .ARM.Collect$$$$0000000B  mc_p.l(entry9a.o)
    0x000000d0   0x00000000   Code   RO          182    .ARM.Collect$$$$0000000D  mc_p.l(entry10a.o)
    0x000000d0   0x00000000   Code   RO          184    .ARM.Collect$$$$0000000F  mc_p.l(entry11a.o)
    0x000000d0   0x00000004   Code   RO          173    .ARM.Collect$$$$00002712  mc_p.l(entry2.o)
    0x000000d4   0x0000001e   Code   RO          140    .emb_text           nrf_delay.o
    0x000000f2   0x00000002   PAD
    0x000000f4   0x0000002c   Code   RO           92    .text               startup_arm_nrf51.o
    0x00000120   0x00000024   Code   RO          186    .text               mc_p.l(init.o)
    0x00000144   0x00000038   Code   RO           99    i.SystemInit        system_nrf51.o
    0x0000017c   0x0000000e   Code   RO          190    i.__scatterload_copy  mc_p.l(handlers.o)
    0x0000018a   0x00000002   Code   RO          191    i.__scatterload_null  mc_p.l(handlers.o)
    0x0000018c   0x0000000e   Code   RO          192    i.__scatterload_zeroinit  mc_p.l(handlers.o)
    0x0000019a   0x00000002   PAD
    0x0000019c   0x00000038   Code   RO          100    i.is_disabled_in_debug_needed  system_nrf51.o
    0x000001d4   0x0000006c   Code   RO          101    i.is_manual_peripheral_setup_needed  system_nrf51.o
    0x00000240   0x00000034   Code   RO            4    i.main              main.o
    0x00000274   0x0000001c   Code   RO          141    i.nrf_delay_ms      nrf_delay.o
    0x00000290   0x00000012   Code   RO            5    i.nrf_gpio_cfg_output  main.o
    0x000002a2   0x00000002   PAD
    0x000002a4   0x00000010   Code   RO            6    i.nrf_gpio_pin_clear  main.o
    0x000002b4   0x00000010   Code   RO            7    i.nrf_gpio_pin_set  main.o
    0x000002c4   0x00000010   Data   RO          188    Region$$Table       anon$$obj.o


    Execution Region RW_IRAM1 (Base: 0x20000000, Size: 0x00000808, Max: 0x00004000, ABSOLUTE, UNINIT)

    Base Addr    Size         Type   Attr      Idx    E Section Name        Object

    0x20000000   0x00000004   Data   RW          102    .data               system_nrf51.o
    0x20000004   0x00000004   PAD
    0x20000008   0x00000800   Zero   RW           89    STACK               startup_arm_nrf51.o


==============================================================================

Image component sizes


      Code (inc. data)   RO Data    RW Data    ZI Data      Debug   Object Name

       102         12          0          0          0       8031   main.o
        58          4          0          0          0       1443   nrf_delay.o
        44         14        192          0       2048        688   startup_arm_nrf51.o
       220         26          0          4          0       1939   system_nrf51.o

    ----------------------------------------------------------------------
       428         56        208          4       2052      12101   Object Totals
         0          0         16          0          0          0   (incl. Generated)
         4          0          0          0          4          0   (incl. Padding)

    ----------------------------------------------------------------------

      Code (inc. data)   RO Data    RW Data    ZI Data      Debug   Library Member Name

         0          0          0          0          0          0   entry.o
         0          0          0          0          0          0   entry10a.o
         0          0          0          0          0          0   entry11a.o
         8          4          0          0          0          0   entry2.o
         4          0          0          0          0          0   entry5.o
         0          0          0          0          0          0   entry7b.o
         0          0          0          0          0          0   entry8b.o
         8          4          0          0          0          0   entry9a.o
        30          0          0          0          0          0   handlers.o
        36          8          0          0          0         68   init.o

    ----------------------------------------------------------------------
        88         16          0          0          0         68   Library Totals
         2          0          0          0          0          0   (incl. Padding)

    ----------------------------------------------------------------------

      Code (inc. data)   RO Data    RW Data    ZI Data      Debug   Library Name

        86         16          0          0          0         68   mc_p.l

    ----------------------------------------------------------------------
        88         16          0          0          0         68   Library Totals

    ----------------------------------------------------------------------

==============================================================================


      Code (inc. data)   RO Data    RW Data    ZI Data      Debug   

       516         72        208          4       2052      11961   Grand Totals
       516         72        208          4       2052      11961   ELF Image Totals
       516         72        208          4          0          0   ROM Totals

==============================================================================

    Total RO  Size (Code + RO Data)                  724 (   0.71kB)
    Total RW  Size (RW Data + ZI Data)              2056 (   2.01kB)
    Total ROM Size (Code + RO Data + RW Data)        728 (   0.71kB)

==============================================================================

