<html>
<body>
<pre>
<h1>µVision Build Log</h1>
<h2>Project:</h2>
C:\nRF51822 Software\nrf51_sdk_v5_1_0_36092\nrf51822\Board\pca10001\blinky_example\arm\blinky.uvproj
Project File Date:  12/20/2013

<h2>Output:</h2>
Build target 'nrf51822_xxaa_s110 (256K)'
Clean started - Project: 'blinky'
   deleting intermediate output files for target 'nrf51822_xxaa_s110 (256K)'
creating preprocessor file for main.c...
compiling main.c...
..\..\..\..\Include\nrf_delay.h(25): warning:  #1267-D: Implicit physical register R0 should be defined as a variable
         " BNE loop\n\t");
..\main.c: 1 warning, 0 errors
assembling startup_arm_nrf51.s...
creating preprocessor file for system_nrf51.c...
compiling system_nrf51.c...
creating preprocessor file for nrf_delay.c...
compiling nrf_delay.c...
..\..\..\..\Include\nrf_delay.h(25): warning:  #1267-D: Implicit physical register R0 should be defined as a variable
         " BNE loop\n\t");
..\..\..\..\Source\nrf_delay\nrf_delay.c: 1 warning, 0 errors
linking...
Program Size: Code=512 RO-data=208 RW-data=4 ZI-data=2052  
".\_build\blinky_arm.axf" - 0 Error(s), 2 Warning(s).

*** Performing Cross-Module-Optimization:
compiling main.c...
..\..\..\..\Include\nrf_delay.h(25): warning:  #1267-D: Implicit physical register R0 should be defined as a variable
         " BNE loop\n\t");
..\main.c: 1 warning, 0 errors
compiling system_nrf51.c...
compiling nrf_delay.c...
..\..\..\..\Include\nrf_delay.h(25): warning:  #1267-D: Implicit physical register R0 should be defined as a variable
         " BNE loop\n\t");
..\..\..\..\Source\nrf_delay\nrf_delay.c: 1 warning, 0 errors
linking...
Program Size: Code=512 RO-data=208 RW-data=4 ZI-data=2052  
FromELF: creating hex file...
".\_build\blinky_arm.axf" - 0 Error(s), 2 Warning(s).
*** Completed Cross-Module-Optimization after 2 iteration(s).
Load "C:\\nRF51822 Software\\nrf51_sdk_v5_1_0_36092\\nrf51822\\Board\\pca10001\\blinky_example\\arm\\_build\\blinky_arm.axf" 
Set JLink Project File to "C:\nRF51822 Software\nrf51_sdk_v5_1_0_36092\nrf51822\Board\pca10001\blinky_example\arm\JLinkSettings.ini"
* JLink Info: Device "NRF51822_XXAA" selected.
 
JLink info:
------------
DLL: V4.96c, compiled Jan 28 2015 19:21:17
Firmware: J-Link ARM-OB STM32 compiled Aug 22 2012 19:52:04
Hardware: V7.00
S/N : 20090928 
Feature(s) : RDI,FlashDL,FlashBP,JFlash,GDBFull 
 
* JLink Info: Found SWD-DP with ID 0x0BB11477
* JLink Info: Found Cortex-M0 r0p0, Little endian.
* JLink Info: FPUnit: 4 code (BP) slots and 0 literal slots
ROMTableAddr = 0xE00FF003
 
Target info:
------------
Device: nRF51822_xxAA
VTarget = 3.300V
State of Pins: 
TCK: 0, TDI: 0, TDO: 1, TMS: 0, TRES: 1, TRST: 1
Hardware-Breakpoints: 4
Software-Breakpoints: 8192
Watchpoints:          2
JTAG speed: 2000 kHz
 
Insufficient RAM for Flash Algorithms !
Erase Failed!
Error: Flash Download failed  -  "Cortex-M0"
Load "C:\\nRF51822 Software\\nrf51_sdk_v5_1_0_36092\\nrf51822\\Board\\pca10001\\blinky_example\\arm\\_build\\blinky_arm.axf" 
Set JLink Project File to "C:\nRF51822 Software\nrf51_sdk_v5_1_0_36092\nrf51822\Board\pca10001\blinky_example\arm\JLinkSettings.ini"
* JLink Info: Device "NRF51822_XXAA" selected.
 
JLink info:
------------
DLL: V4.96c, compiled Jan 28 2015 19:21:17
Firmware: J-Link ARM-OB STM32 compiled Aug 22 2012 19:52:04
Hardware: V7.00
S/N : 20090928 
Feature(s) : RDI,FlashDL,FlashBP,JFlash,GDBFull 
 
* JLink Info: Found SWD-DP with ID 0x0BB11477
* JLink Info: Found Cortex-M0 r0p0, Little endian.
* JLink Info: FPUnit: 4 code (BP) slots and 0 literal slots
ROMTableAddr = 0xE00FF003
 
Target info:
------------
Device: nRF51822_xxAA
VTarget = 3.300V
State of Pins: 
TCK: 0, TDI: 0, TDO: 1, TMS: 0, TRES: 1, TRST: 1
Hardware-Breakpoints: 4
Software-Breakpoints: 8192
Watchpoints:          2
JTAG speed: 2000 kHz
 
Erase Done.
Programming Done.
Verify OK.
Application running ...
</pre>
</body>
</html>
 TDI: 0, TDO: 1, TMS: 0, TRES: 1, TRST: 1
Hardware-Breakpoints: 4
Software-Breakpoints: 8192
Watchpoints:          2
JTAG speed: 2000 kHz
 
Insufficient RAM for Flash Algorithms !
Erase Failed!
Error: Flash Download failed  -  "Cortex-M0"
Load "C:\\nRF51822 Software\\nrf51_sdk_v5_1_0_36092\\nrf51822\\Board\\pca10001\\blinky_example\\arm\\_build\\blinky_arm.axf" 
Set JLink Project File to "C:\nRF51822 Software\nrf51_sdk_v5_1_0_36092\nrf51822\Board\pca10001\blinky_example\arm\JLinkSettings.ini"
* JLink Info: Device "NRF51822_XXAB" selected.
 
JLink info:
------------
DLL: V4.96c, compiled Jan 28 2015 19:21:17
Firmware: J-Link ARM-OB STM32 compiled Aug 22 2012 19:52:04
Hardware: V7.00
S/N : 20090928 
Feature(s) : RDI,FlashDL,FlashBP,JFlash,GDBFull 
 
* JLink Info: Found SWD-DP with ID 0x0BB11477
* JLink Info: Found Cortex-M0 r0p0, Little endian.
* JLink Info: FPUnit: 4 code (BP) slots and 0 literal slots
ROMTableAddr = 0xE00FF003
 
Target info:
------------
Device: nRF51822_xxAB
VTarget = 3.300V
State of Pins: 
TCK: 0, TDI: 0, TDO: 1, TMS: 0, TRES: 1, TRST: 1
Hardware-Breakpoints: 4
Software-Breakpoints: 8192
Watchpoints:          2
JTAG speed: 2000 kHz
 
Erase Done.
Programming Done.
Verify OK.
Application running ...
