Product: MDK-ARM Lite 5.10
Component: ARM Compiler 5.04 update 1 (build 49)
Tool: armlink [5040049]

==============================================================================

Section Cross References

    main.o(i.esb_init) refers to nrf_esb.o(.text) for nrf_esb_set_xosc_ctl
    main.o(i.main) refers to main.o(i.nrf_gpio_cfg_output) for nrf_gpio_cfg_output
    main.o(i.main) refers to main.o(i.nrf_gpio_pin_clear) for nrf_gpio_pin_clear
    main.o(i.main) refers to simple_uart.o(i.simple_uart_config) for simple_uart_config
    main.o(i.main) refers to main.o(i.esb_init) for esb_init
    main.o(i.main) refers to nrf_esb.o(.text) for nrf_esb_enable
    main.o(i.nrf_esb_rx_data_ready) refers to nrf_esb.o(.text) for nrf_esb_fetch_packet_from_rx_fifo
    main.o(i.nrf_esb_rx_data_ready) refers to simple_uart.o(i.simple_uart_putstring) for simple_uart_putstring
    main.o(i.nrf_esb_rx_data_ready) refers to main.o(.bss) for my_rx_payload
    startup_arm_nrf51.o(RESET) refers to startup_arm_nrf51.o(STACK) for __initial_sp
    startup_arm_nrf51.o(RESET) refers to startup_arm_nrf51.o(.text) for Reset_Handler
    startup_arm_nrf51.o(RESET) refers to nrf_link_core.o(.text) for RADIO_IRQHandler
    startup_arm_nrf51.o(RESET) refers to nrf_flywheel.o(.text) for TIMER2_IRQHandler
    startup_arm_nrf51.o(RESET) refers to nrf_notification_manager.o(.text) for SWI0_IRQHandler
    startup_arm_nrf51.o(.text) refers to system_nrf51.o(i.SystemInit) for SystemInit
    startup_arm_nrf51.o(.text) refers to entry.o(.ARM.Collect$$$$00000000) for __main
    system_nrf51.o(i.SystemCoreClockUpdate) refers to system_nrf51.o(.data) for SystemCoreClock
    system_nrf51.o(i.SystemInit) refers to system_nrf51.o(i.is_manual_peripheral_setup_needed) for is_manual_peripheral_setup_needed
    system_nrf51.o(i.SystemInit) refers to system_nrf51.o(i.is_disabled_in_debug_needed) for is_disabled_in_debug_needed
    nrf_delay.o(i.nrf_delay_ms) refers to nrf_delay.o(.emb_text) for __asm___11_nrf_delay_c_532987f3__nrf_delay_us
    simple_uart.o(i.simple_uart_config) refers to simple_uart.o(i.nrf_gpio_cfg_output) for nrf_gpio_cfg_output
    simple_uart.o(i.simple_uart_config) refers to simple_uart.o(i.nrf_gpio_cfg_input) for nrf_gpio_cfg_input
    simple_uart.o(i.simple_uart_get_with_timeout) refers to simple_uart.o(.emb_text) for __asm___13_simple_uart_c_5dda6715__nrf_delay_us
    simple_uart.o(i.simple_uart_putstring) refers to simple_uart.o(i.simple_uart_put) for simple_uart_put
    nrf_esb.o(.text) refers to nrf_impala.o(.text) for nrf_impl_set_xosc_ctl
    nrf_esb.o(.text) refers to nrf_assert_internal.o(.text) for NRF_ASSERT_INTERNAL_parse_and_forward
    nrf_esb.o(.text) refers to nrf_impala.o(i.nrf_impl_set_datarate) for nrf_impl_set_datarate
    nrf_esb.o(.text) refers to nrf_impala.o(i.nrf_impl_set_tx_power) for nrf_impl_set_tx_power
    nrf_esb.o(.text) refers to main.o(i.nrf_esb_tx_success) for nrf_esb_tx_success
    nrf_esb.o(.text) refers to main.o(i.nrf_esb_tx_failed) for nrf_esb_tx_failed
    nrf_esb.o(.text) refers to main.o(i.nrf_esb_rx_data_ready) for nrf_esb_rx_data_ready
    nrf_esb.o(.text) refers to main.o(i.nrf_esb_disabled) for nrf_esb_disabled
    nrf_esb.o(.text) refers to memcpya.o(.text) for __aeabi_memcpy
    nrf_esb.o(.text) refers to nrf_esb.o(.data) for .data
    nrf_esb.o(.text) refers to nrf_impala.o(i.nrf_impl_get_tx_power) for nrf_impl_get_tx_power
    nrf_esb.o(.text) refers to nrf_impala.o(i.nrf_impl_get_datarate) for nrf_impl_get_datarate
    nrf_esb.o(.text) refers to nrf_impala.o(i.nrf_impl_get_crc_length) for nrf_impl_get_crc_length
    nrf_impala.o(.text) refers to nrf_packet_manager.o(.text) for nrf_pm_set_dyn_ack_status
    nrf_impala.o(.text) refers to nrf_assert_internal.o(.text) for NRF_ASSERT_INTERNAL_parse_and_forward
    nrf_impala.o(.text) refers to nrf_link_core.o(.text) for nrf_lcore_init
    nrf_impala.o(.text) refers to nrf_flywheel.o(.text) for nrf_flw_init
    nrf_impala.o(.text) refers to nrf_notification_manager.o(.text) for nrf_nm_init
    nrf_impala.o(.text) refers to nrf_state_machine.o(.text) for nrf_sm_init
    nrf_impala.o(.text) refers to nrf_channel_manager.o(.text) for nrf_chm_init
    nrf_impala.o(.text) refers to nrf_impala.o(.bss) for .bss
    nrf_impala.o(.text) refers to nrf_impala.o(.data) for .data
    nrf_impala.o(.text) refers to nrf_link_core.o(i.nrf_lcore_rx_address_match) for nrf_lcore_rx_address_match
    nrf_assert_internal.o(.text) refers to nrf_esb.o(.text) for nrf_assert_internal_callback
    nrf_channel_manager.o(.text) refers to nrf_assert_internal.o(.text) for NRF_ASSERT_INTERNAL_parse_and_forward
    nrf_channel_manager.o(.text) refers to uidiv.o(.text) for __aeabi_uidivmod
    nrf_channel_manager.o(.text) refers to nrf_channel_manager.o(.data) for .data
    nrf_flywheel.o(.text) refers to nrf_assert_internal.o(.text) for NRF_ASSERT_INTERNAL_parse_and_forward
    nrf_flywheel.o(.text) refers to nrf_flywheel.o(.data) for .data
    nrf_link_core.o(.text) refers to nrf_link_core.o(.emb_text) for __asm___15_nrf_link_core_c_b93f5dba__nrf_delay_us
    nrf_link_core.o(.text) refers to nrf_assert_internal.o(.text) for NRF_ASSERT_INTERNAL_parse_and_forward
    nrf_link_core.o(.text) refers to nrf_link_core.o(.bss) for .bss
    nrf_link_core.o(.text) refers to nrf_link_core.o(.data) for .data
    nrf_link_core.o(.text) refers to nrf_link_core.o(.constdata) for .constdata
    nrf_notification_manager.o(.text) refers to nrf_assert_internal.o(.text) for NRF_ASSERT_INTERNAL_parse_and_forward
    nrf_notification_manager.o(.text) refers to nrf_notification_manager.o(.bss) for .bss
    nrf_packet_manager.o(.text) refers to nrf_fifo.o(.text) for nrf_fifo_init
    nrf_packet_manager.o(.text) refers to nrf_fifo.o(i.nrf_fifo_get_packet_count) for nrf_fifo_get_packet_count
    nrf_packet_manager.o(.text) refers to nrf_assert_internal.o(.text) for NRF_ASSERT_INTERNAL_parse_and_forward
    nrf_packet_manager.o(.text) refers to memseta.o(.text) for __aeabi_memset
    nrf_packet_manager.o(.text) refers to nrf_packet_manager.o(.bss) for .bss
    nrf_packet_manager.o(.text) refers to nrf_packet_manager.o(.data) for .data
    nrf_packet_manager.o(.text) refers to nrf_fifo.o(i.nrf_fifo_get_available_packet_count) for nrf_fifo_get_available_packet_count
    nrf_state_machine.o(.text) refers to nrf_assert_internal.o(.text) for NRF_ASSERT_INTERNAL_parse_and_forward
    nrf_state_machine.o(.text) refers to nrf_state_machine.o(.data) for .data
    nrf_state_machine.o(.data) refers to nrf_impala.o(.text) for nrf_impl_state_fun_timeslot_start
    nrf_fifo.o(.text) refers to nrf_assert_internal.o(.text) for NRF_ASSERT_INTERNAL_parse_and_forward
    nrf_fifo.o(.text) refers to nrf_fifo.o(.bss) for .bss
    nrf_fifo.o(.text) refers to nrf_fifo.o(.data) for .data
    entry.o(.ARM.Collect$$$$00000000) refers (Special) to entry10a.o(.ARM.Collect$$$$0000000D) for __rt_final_cpp
    entry.o(.ARM.Collect$$$$00000000) refers (Special) to entry11a.o(.ARM.Collect$$$$0000000F) for __rt_final_exit
    entry.o(.ARM.Collect$$$$00000000) refers (Special) to entry7b.o(.ARM.Collect$$$$00000008) for _main_clock
    entry.o(.ARM.Collect$$$$00000000) refers (Special) to entry8b.o(.ARM.Collect$$$$0000000A) for _main_cpp_init
    entry.o(.ARM.Collect$$$$00000000) refers (Special) to entry9a.o(.ARM.Collect$$$$0000000B) for _main_init
    entry.o(.ARM.Collect$$$$00000000) refers (Special) to entry5.o(.ARM.Collect$$$$00000004) for _main_scatterload
    entry.o(.ARM.Collect$$$$00000000) refers (Special) to entry2.o(.ARM.Collect$$$$00000001) for _main_stk
    entry2.o(.ARM.Collect$$$$00000001) refers to entry2.o(.ARM.Collect$$$$00002712) for __lit__00000000
    entry2.o(.ARM.Collect$$$$00002712) refers to startup_arm_nrf51.o(STACK) for __initial_sp
    entry2.o(__vectab_stack_and_reset_area) refers to startup_arm_nrf51.o(STACK) for __initial_sp
    entry2.o(__vectab_stack_and_reset_area) refers to entry.o(.ARM.Collect$$$$00000000) for __main
    entry5.o(.ARM.Collect$$$$00000004) refers to init.o(.text) for __scatterload
    entry9a.o(.ARM.Collect$$$$0000000B) refers to main.o(i.main) for main
    entry9b.o(.ARM.Collect$$$$0000000C) refers to main.o(i.main) for main
    init.o(.text) refers to entry5.o(.ARM.Collect$$$$00000004) for __main_after_scatterload
    nrf_fifo.o(i.nrf_fifo_get_packet_count) refers to nrf_assert_internal.o(.text) for NRF_ASSERT_INTERNAL_parse_and_forward
    nrf_fifo.o(i.nrf_fifo_get_packet_count) refers to nrf_fifo.o(.bss) for .bss
    nrf_fifo.o(i.nrf_fifo_get_available_packet_count) refers to nrf_fifo.o(.data) for .data


==============================================================================

Removing Unused input sections from the image.

    Removing main.o(.rev16_text), (4 bytes).
    Removing main.o(.revsh_text), (4 bytes).
    Removing main.o(.emb_text), (30 bytes).
    Removing startup_arm_nrf51.o(HEAP), (2048 bytes).
    Removing system_nrf51.o(.rev16_text), (4 bytes).
    Removing system_nrf51.o(.revsh_text), (4 bytes).
    Removing system_nrf51.o(i.SystemCoreClockUpdate), (16 bytes).
    Removing nrf_delay.o(.rev16_text), (4 bytes).
    Removing nrf_delay.o(.revsh_text), (4 bytes).
    Removing nrf_delay.o(.emb_text), (30 bytes).
    Removing nrf_delay.o(i.nrf_delay_ms), (28 bytes).
    Removing simple_uart.o(.rev16_text), (4 bytes).
    Removing simple_uart.o(.revsh_text), (4 bytes).
    Removing simple_uart.o(.emb_text), (30 bytes).
    Removing simple_uart.o(i.simple_uart_get), (32 bytes).
    Removing simple_uart.o(i.simple_uart_get_with_timeout), (72 bytes).
    Removing nrf_esb.o(.rev16_text), (4 bytes).
    Removing nrf_esb.o(.revsh_text), (4 bytes).
    Removing nrf_impala.o(.rev16_text), (4 bytes).
    Removing nrf_impala.o(.revsh_text), (4 bytes).
    Removing nrf_assert_internal.o(.rev16_text), (4 bytes).
    Removing nrf_assert_internal.o(.revsh_text), (4 bytes).
    Removing nrf_channel_manager.o(.rev16_text), (4 bytes).
    Removing nrf_channel_manager.o(.revsh_text), (4 bytes).
    Removing nrf_flywheel.o(.rev16_text), (4 bytes).
    Removing nrf_flywheel.o(.revsh_text), (4 bytes).
    Removing nrf_flywheel.o(.emb_text), (30 bytes).
    Removing nrf_link_core.o(.rev16_text), (4 bytes).
    Removing nrf_link_core.o(.revsh_text), (4 bytes).
    Removing nrf_notification_manager.o(.rev16_text), (4 bytes).
    Removing nrf_notification_manager.o(.revsh_text), (4 bytes).
    Removing nrf_packet_manager.o(.rev16_text), (4 bytes).
    Removing nrf_packet_manager.o(.revsh_text), (4 bytes).
    Removing nrf_state_machine.o(.rev16_text), (4 bytes).
    Removing nrf_state_machine.o(.revsh_text), (4 bytes).
    Removing nrf_fifo.o(.rev16_text), (4 bytes).
    Removing nrf_fifo.o(.revsh_text), (4 bytes).
    Removing nrf_packet_manager.o(i.pm_tx_pipe_to_nrf_fifo_pipe), (2 bytes).

38 unused section(s) (total 2430 bytes) removed from the image.

==============================================================================

Image Symbol Table

    Local Symbols

    Symbol Name                              Value     Ov Type        Size  Object(Section)

    RESET                                    0x00000000   Section      192  startup_arm_nrf51.o(RESET)
    ../clib/microlib/division.c              0x00000000   Number         0  uidiv.o ABSOLUTE
    ../clib/microlib/init/entry.s            0x00000000   Number         0  entry5.o ABSOLUTE
    ../clib/microlib/init/entry.s            0x00000000   Number         0  entry9b.o ABSOLUTE
    ../clib/microlib/init/entry.s            0x00000000   Number         0  entry7a.o ABSOLUTE
    ../clib/microlib/init/entry.s            0x00000000   Number         0  entry10a.o ABSOLUTE
    ../clib/microlib/init/entry.s            0x00000000   Number         0  entry9a.o ABSOLUTE
    ../clib/microlib/init/entry.s            0x00000000   Number         0  entry10b.o ABSOLUTE
    ../clib/microlib/init/entry.s            0x00000000   Number         0  entry11a.o ABSOLUTE
    ../clib/microlib/init/entry.s            0x00000000   Number         0  entry7b.o ABSOLUTE
    ../clib/microlib/init/entry.s            0x00000000   Number         0  entry11b.o ABSOLUTE
    ../clib/microlib/init/entry.s            0x00000000   Number         0  entry8a.o ABSOLUTE
    ../clib/microlib/init/entry.s            0x00000000   Number         0  entry8b.o ABSOLUTE
    ../clib/microlib/init/entry.s            0x00000000   Number         0  entry2.o ABSOLUTE
    ../clib/microlib/init/entry.s            0x00000000   Number         0  entry.o ABSOLUTE
    ../clib/microlib/string/memcpy.c         0x00000000   Number         0  memcpyb.o ABSOLUTE
    ../clib/microlib/string/memcpy.c         0x00000000   Number         0  memcpya.o ABSOLUTE
    ../clib/microlib/string/memset.c         0x00000000   Number         0  memseta.o ABSOLUTE
    ..\..\..\..\Source\nrf_delay\nrf_delay.c 0x00000000   Number         0  nrf_delay.o ABSOLUTE
    ..\..\..\..\Source\simple_uart\simple_uart.c 0x00000000   Number         0  simple_uart.o ABSOLUTE
    ..\..\..\..\Source\templates\arm\arm_startup_nrf51.s 0x00000000   Number         0  startup_arm_nrf51.o ABSOLUTE
    ..\..\..\..\Source\templates\system_nrf51.c 0x00000000   Number         0  system_nrf51.o ABSOLUTE
    ..\..\..\channel_manager\nrf_channel_manager.c 0x00000000   Number         0  nrf_channel_manager.o ABSOLUTE
    ..\..\..\fifo\nrf_fifo.c                 0x00000000   Number         0  nrf_fifo.o ABSOLUTE
    ..\..\..\flywheel\nrf_flywheel.c         0x00000000   Number         0  nrf_flywheel.o ABSOLUTE
    ..\..\..\impala\nrf_impala.c             0x00000000   Number         0  nrf_impala.o ABSOLUTE
    ..\..\..\link_core\nrf_link_core.c       0x00000000   Number         0  nrf_link_core.o ABSOLUTE
    ..\..\..\notification_manager\nrf_notification_manager.c 0x00000000   Number         0  nrf_notification_manager.o ABSOLUTE
    ..\..\..\packet_manager\nrf_packet_manager.c 0x00000000   Number         0  nrf_packet_manager.o ABSOLUTE
    ..\..\..\state_machine\nrf_state_machine.c 0x00000000   Number         0  nrf_state_machine.o ABSOLUTE
    ..\..\..\test_framework\nrf_assert_internal.c 0x00000000   Number         0  nrf_assert_internal.o ABSOLUTE
    ..\..\nrf_esb.c                          0x00000000   Number         0  nrf_esb.o ABSOLUTE
    ..\\..\\..\\..\\Source\\nrf_delay\\nrf_delay.c 0x00000000   Number         0  nrf_delay.o ABSOLUTE
    ..\\..\\..\\..\\Source\\simple_uart\\simple_uart.c 0x00000000   Number         0  simple_uart.o ABSOLUTE
    ..\\..\\..\\..\\Source\\templates\\system_nrf51.c 0x00000000   Number         0  system_nrf51.o ABSOLUTE
    ..\\..\\..\\channel_manager\\nrf_channel_manager.c 0x00000000   Number         0  nrf_channel_manager.o ABSOLUTE
    ..\\..\\..\\fifo\\nrf_fifo.c             0x00000000   Number         0  nrf_fifo.o ABSOLUTE
    ..\\..\\..\\flywheel\\nrf_flywheel.c     0x00000000   Number         0  nrf_flywheel.o ABSOLUTE
    ..\\..\\..\\impala\\nrf_impala.c         0x00000000   Number         0  nrf_impala.o ABSOLUTE
    ..\\..\\..\\link_core\\nrf_link_core.c   0x00000000   Number         0  nrf_link_core.o ABSOLUTE
    ..\\..\\..\\notification_manager\\nrf_notification_manager.c 0x00000000   Number         0  nrf_notification_manager.o ABSOLUTE
    ..\\..\\..\\packet_manager\\nrf_packet_manager.c 0x00000000   Number         0  nrf_packet_manager.o ABSOLUTE
    ..\\..\\..\\state_machine\\nrf_state_machine.c 0x00000000   Number         0  nrf_state_machine.o ABSOLUTE
    ..\\..\\..\\test_framework\\nrf_assert_internal.c 0x00000000   Number         0  nrf_assert_internal.o ABSOLUTE
    ..\\..\\nrf_esb.c                        0x00000000   Number         0  nrf_esb.o ABSOLUTE
    ..\\main.c                               0x00000000   Number         0  main.o ABSOLUTE
    ..\main.c                                0x00000000   Number         0  main.o ABSOLUTE
    dc.s                                     0x00000000   Number         0  dc.o ABSOLUTE
    handlers.s                               0x00000000   Number         0  handlers.o ABSOLUTE
    init.s                                   0x00000000   Number         0  init.o ABSOLUTE
    .ARM.Collect$$$$00000000                 0x000000c0   Section        0  entry.o(.ARM.Collect$$$$00000000)
    .ARM.Collect$$$$00000001                 0x000000c0   Section        4  entry2.o(.ARM.Collect$$$$00000001)
    .ARM.Collect$$$$00000004                 0x000000c4   Section        4  entry5.o(.ARM.Collect$$$$00000004)
    .ARM.Collect$$$$00000008                 0x000000c8   Section        0  entry7b.o(.ARM.Collect$$$$00000008)
    .ARM.Collect$$$$0000000A                 0x000000c8   Section        0  entry8b.o(.ARM.Collect$$$$0000000A)
    .ARM.Collect$$$$0000000B                 0x000000c8   Section        8  entry9a.o(.ARM.Collect$$$$0000000B)
    .ARM.Collect$$$$0000000D                 0x000000d0   Section        0  entry10a.o(.ARM.Collect$$$$0000000D)
    .ARM.Collect$$$$0000000F                 0x000000d0   Section        0  entry11a.o(.ARM.Collect$$$$0000000F)
    .ARM.Collect$$$$00002712                 0x000000d0   Section        4  entry2.o(.ARM.Collect$$$$00002712)
    __lit__00000000                          0x000000d0   Data           4  entry2.o(.ARM.Collect$$$$00002712)
    .emb_text                                0x000000d4   Section       30  nrf_link_core.o(.emb_text)
    .text                                    0x000000f4   Section       44  startup_arm_nrf51.o(.text)
    .text                                    0x00000120   Section        0  nrf_esb.o(.text)
    .text                                    0x000006dc   Section        0  nrf_impala.o(.text)
    device_ack_received                      0x00000fcb   Thumb Code   278  nrf_impala.o(.text)
    swap_bytes                               0x000015eb   Thumb Code    92  nrf_impala.o(.text)
    sm_start                                 0x00001647   Thumb Code    78  nrf_impala.o(.text)
    update_mode                              0x00001695   Thumb Code   168  nrf_impala.o(.text)
    .text                                    0x00001774   Section        0  nrf_assert_internal.o(.text)
    .text                                    0x0000177c   Section        0  nrf_channel_manager.o(.text)
    .text                                    0x000019c8   Section        0  nrf_flywheel.o(.text)
    .text                                    0x00001bc0   Section        0  nrf_link_core.o(.text)
    nrf_lcore_handler_rx_enable_start_tx_enable_start_disable 0x00001dbd   Thumb Code   208  nrf_link_core.o(.text)
    .text                                    0x000020a8   Section        0  nrf_notification_manager.o(.text)
    .text                                    0x000021dc   Section        0  nrf_packet_manager.o(.text)
    .text                                    0x000026a0   Section        0  nrf_state_machine.o(.text)
    .text                                    0x000026f0   Section        0  nrf_fifo.o(.text)
    .text                                    0x00002a68   Section        0  uidiv.o(.text)
    .text                                    0x00002a94   Section        0  memcpya.o(.text)
    .text                                    0x00002ab8   Section        0  memseta.o(.text)
    .text                                    0x00002adc   Section       36  init.o(.text)
    i.SystemInit                             0x00002b00   Section        0  system_nrf51.o(i.SystemInit)
    i.__scatterload_copy                     0x00002b38   Section       14  handlers.o(i.__scatterload_copy)
    i.__scatterload_null                     0x00002b46   Section        2  handlers.o(i.__scatterload_null)
    i.__scatterload_zeroinit                 0x00002b48   Section       14  handlers.o(i.__scatterload_zeroinit)
    i.esb_init                               0x00002b58   Section        0  main.o(i.esb_init)
    esb_init                                 0x00002b59   Thumb Code    74  main.o(i.esb_init)
    i.is_disabled_in_debug_needed            0x00002ba8   Section        0  system_nrf51.o(i.is_disabled_in_debug_needed)
    is_disabled_in_debug_needed              0x00002ba9   Thumb Code    52  system_nrf51.o(i.is_disabled_in_debug_needed)
    i.is_manual_peripheral_setup_needed      0x00002be0   Section        0  system_nrf51.o(i.is_manual_peripheral_setup_needed)
    is_manual_peripheral_setup_needed        0x00002be1   Thumb Code   104  system_nrf51.o(i.is_manual_peripheral_setup_needed)
    i.main                                   0x00002c4c   Section        0  main.o(i.main)
    i.nrf_esb_disabled                       0x00002c80   Section        0  main.o(i.nrf_esb_disabled)
    i.nrf_esb_rx_data_ready                  0x00002c84   Section        0  main.o(i.nrf_esb_rx_data_ready)
    i.nrf_esb_tx_failed                      0x00002cc4   Section        0  main.o(i.nrf_esb_tx_failed)
    i.nrf_esb_tx_success                     0x00002cc6   Section        0  main.o(i.nrf_esb_tx_success)
    i.nrf_fifo_get_available_packet_count    0x00002cc8   Section        0  nrf_fifo.o(i.nrf_fifo_get_available_packet_count)
    i.nrf_fifo_get_packet_count              0x00002cd4   Section        0  nrf_fifo.o(i.nrf_fifo_get_packet_count)
    i.nrf_gpio_cfg_input                     0x00002cf4   Section        0  simple_uart.o(i.nrf_gpio_cfg_input)
    nrf_gpio_cfg_input                       0x00002cf5   Thumb Code    20  simple_uart.o(i.nrf_gpio_cfg_input)
    i.nrf_gpio_cfg_output                    0x00002d08   Section        0  main.o(i.nrf_gpio_cfg_output)
    nrf_gpio_cfg_output                      0x00002d09   Thumb Code    18  main.o(i.nrf_gpio_cfg_output)
    i.nrf_gpio_cfg_output                    0x00002d1a   Section        0  simple_uart.o(i.nrf_gpio_cfg_output)
    nrf_gpio_cfg_output                      0x00002d1b   Thumb Code    18  simple_uart.o(i.nrf_gpio_cfg_output)
    i.nrf_gpio_pin_clear                     0x00002d2c   Section        0  main.o(i.nrf_gpio_pin_clear)
    nrf_gpio_pin_clear                       0x00002d2d   Thumb Code    10  main.o(i.nrf_gpio_pin_clear)
    i.nrf_impl_get_crc_length                0x00002d3c   Section        0  nrf_impala.o(i.nrf_impl_get_crc_length)
    i.nrf_impl_get_datarate                  0x00002d48   Section        0  nrf_impala.o(i.nrf_impl_get_datarate)
    i.nrf_impl_get_tx_power                  0x00002d54   Section        0  nrf_impala.o(i.nrf_impl_get_tx_power)
    i.nrf_impl_set_datarate                  0x00002d60   Section        0  nrf_impala.o(i.nrf_impl_set_datarate)
    i.nrf_impl_set_tx_power                  0x00002dec   Section        0  nrf_impala.o(i.nrf_impl_set_tx_power)
    i.nrf_lcore_rx_address_match             0x00002df8   Section        0  nrf_link_core.o(i.nrf_lcore_rx_address_match)
    i.simple_uart_config                     0x00002e08   Section        0  simple_uart.o(i.simple_uart_config)
    i.simple_uart_put                        0x00002e74   Section        0  simple_uart.o(i.simple_uart_put)
    i.simple_uart_putstring                  0x00002e94   Section        0  simple_uart.o(i.simple_uart_putstring)
    .constdata                               0x00002eb4   Section       48  nrf_link_core.o(.constdata)
    operation_params                         0x00002eb4   Data          48  nrf_link_core.o(.constdata)
    .data                                    0x20000000   Section        4  system_nrf51.o(.data)
    __tagsym$$used                           0x20000000   Number         0  system_nrf51.o(.data)
    .data                                    0x20000004   Section       16  nrf_esb.o(.data)
    bool_arg                                 0x20000004   Data           1  nrf_esb.o(.data)
    status                                   0x2000000c   Data           4  nrf_esb.o(.data)
    .data                                    0x20000014   Section        8  nrf_impala.o(.data)
    lcore_status                             0x20000018   Data           4  nrf_impala.o(.data)
    .data                                    0x2000001c   Section       12  nrf_channel_manager.o(.data)
    config                                   0x2000001c   Data           4  nrf_channel_manager.o(.data)
    status                                   0x20000020   Data           8  nrf_channel_manager.o(.data)
    .data                                    0x20000028   Section        8  nrf_flywheel.o(.data)
    task_is_delayed                          0x20000029   Data           1  nrf_flywheel.o(.data)
    waiting_on_handler                       0x2000002a   Data           1  nrf_flywheel.o(.data)
    pending_cb                               0x2000002c   Data           4  nrf_flywheel.o(.data)
    .data                                    0x20000030   Section        4  nrf_link_core.o(.data)
    nrf_lcore_config                         0x20000030   Data           4  nrf_link_core.o(.data)
    .data                                    0x20000034   Section        8  nrf_packet_manager.o(.data)
    .data                                    0x2000003c   Section       12  nrf_state_machine.o(.data)
    .data                                    0x20000048   Section        4  nrf_fifo.o(.data)
    .bss                                     0x2000004c   Section       20  main.o(.bss)
    my_rx_payload                            0x2000004c   Data          20  main.o(.bss)
    .bss                                     0x20000060   Section       96  nrf_impala.o(.bss)
    chm_config                               0x200000b4   Data          12  nrf_impala.o(.bss)
    .bss                                     0x200000c0   Section       36  nrf_link_core.o(.bss)
    .bss                                     0x200000e4   Section      136  nrf_notification_manager.o(.bss)
    .bss                                     0x2000016c   Section      148  nrf_packet_manager.o(.bss)
    .bss                                     0x20000200   Section      468  nrf_fifo.o(.bss)
    STACK                                    0x200003d8   Section     2048  startup_arm_nrf51.o(STACK)

    Global Symbols

    Symbol Name                              Value     Ov Type        Size  Object(Section)

    BuildAttributes$$THM_ISAv3M$S$PE$A:L22$X:L11$S22$IEEE1$IW$USESV6$~STKCKD$USESV7$~SHL$OTIME$EBA8$MICROLIB$REQ8$PRES8$EABIv2 0x00000000   Number         0  anon$$obj.o ABSOLUTE
    __ARM_use_no_argv                        0x00000000   Number         0  main.o ABSOLUTE
    __Vectors                                0x00000000   Data           4  startup_arm_nrf51.o(RESET)
    __cpp_initialize__aeabi_                  - Undefined Weak Reference
    __cxa_finalize                            - Undefined Weak Reference
    __decompress                              - Undefined Weak Reference
    _clock_init                               - Undefined Weak Reference
    _microlib_exit                            - Undefined Weak Reference
    __Vectors_End                            0x000000c0   Data           0  startup_arm_nrf51.o(RESET)
    __Vectors_Size                           0x000000c0   Number         0  startup_arm_nrf51.o ABSOLUTE
    __main                                   0x000000c1   Thumb Code     0  entry.o(.ARM.Collect$$$$00000000)
    _main_stk                                0x000000c1   Thumb Code     0  entry2.o(.ARM.Collect$$$$00000001)
    _main_scatterload                        0x000000c5   Thumb Code     0  entry5.o(.ARM.Collect$$$$00000004)
    __main_after_scatterload                 0x000000c9   Thumb Code     0  entry5.o(.ARM.Collect$$$$00000004)
    _main_clock                              0x000000c9   Thumb Code     0  entry7b.o(.ARM.Collect$$$$00000008)
    _main_cpp_init                           0x000000c9   Thumb Code     0  entry8b.o(.ARM.Collect$$$$0000000A)
    _main_init                               0x000000c9   Thumb Code     0  entry9a.o(.ARM.Collect$$$$0000000B)
    __rt_final_cpp                           0x000000d1   Thumb Code     0  entry10a.o(.ARM.Collect$$$$0000000D)
    __rt_final_exit                          0x000000d1   Thumb Code     0  entry11a.o(.ARM.Collect$$$$0000000F)
    __asm___15_nrf_link_core_c_b93f5dba__nrf_delay_us 0x000000d5   Thumb Code    30  nrf_link_core.o(.emb_text)
    Reset_Handler                            0x000000f5   Thumb Code    18  startup_arm_nrf51.o(.text)
    NMI_Handler                              0x00000107   Thumb Code     2  startup_arm_nrf51.o(.text)
    HardFault_Handler                        0x00000109   Thumb Code     2  startup_arm_nrf51.o(.text)
    SVC_Handler                              0x0000010b   Thumb Code     2  startup_arm_nrf51.o(.text)
    PendSV_Handler                           0x0000010d   Thumb Code     2  startup_arm_nrf51.o(.text)
    SysTick_Handler                          0x0000010f   Thumb Code     2  startup_arm_nrf51.o(.text)
    ADC_IRQHandler                           0x00000111   Thumb Code     0  startup_arm_nrf51.o(.text)
    CCM_AAR_IRQHandler                       0x00000111   Thumb Code     0  startup_arm_nrf51.o(.text)
    ECB_IRQHandler                           0x00000111   Thumb Code     0  startup_arm_nrf51.o(.text)
    GPIOTE_IRQHandler                        0x00000111   Thumb Code     0  startup_arm_nrf51.o(.text)
    LPCOMP_COMP_IRQHandler                   0x00000111   Thumb Code     0  startup_arm_nrf51.o(.text)
    POWER_CLOCK_IRQHandler                   0x00000111   Thumb Code     0  startup_arm_nrf51.o(.text)
    QDEC_IRQHandler                          0x00000111   Thumb Code     0  startup_arm_nrf51.o(.text)
    RNG_IRQHandler                           0x00000111   Thumb Code     0  startup_arm_nrf51.o(.text)
    RTC0_IRQHandler                          0x00000111   Thumb Code     0  startup_arm_nrf51.o(.text)
    RTC1_IRQHandler                          0x00000111   Thumb Code     0  startup_arm_nrf51.o(.text)
    SPI0_TWI0_IRQHandler                     0x00000111   Thumb Code     0  startup_arm_nrf51.o(.text)
    SPI1_TWI1_IRQHandler                     0x00000111   Thumb Code     0  startup_arm_nrf51.o(.text)
    SWI1_IRQHandler                          0x00000111   Thumb Code     0  startup_arm_nrf51.o(.text)
    SWI2_IRQHandler                          0x00000111   Thumb Code     0  startup_arm_nrf51.o(.text)
    SWI3_IRQHandler                          0x00000111   Thumb Code     0  startup_arm_nrf51.o(.text)
    SWI4_IRQHandler                          0x00000111   Thumb Code     0  startup_arm_nrf51.o(.text)
    SWI5_IRQHandler                          0x00000111   Thumb Code     0  startup_arm_nrf51.o(.text)
    TEMP_IRQHandler                          0x00000111   Thumb Code     0  startup_arm_nrf51.o(.text)
    TIMER0_IRQHandler                        0x00000111   Thumb Code     0  startup_arm_nrf51.o(.text)
    TIMER1_IRQHandler                        0x00000111   Thumb Code     0  startup_arm_nrf51.o(.text)
    UART0_IRQHandler                         0x00000111   Thumb Code     0  startup_arm_nrf51.o(.text)
    WDT_IRQHandler                           0x00000111   Thumb Code     0  startup_arm_nrf51.o(.text)
    nrf_esb_set_xosc_ctl                     0x00000121   Thumb Code    26  nrf_esb.o(.text)
    nrf_esb_set_crc_length                   0x0000013b   Thumb Code    42  nrf_esb.o(.text)
    nrf_esb_set_datarate                     0x00000165   Thumb Code    40  nrf_esb.o(.text)
    nrf_esb_set_output_power                 0x0000018d   Thumb Code    66  nrf_esb.o(.text)
    nrf_esb_set_base_address_length          0x000001cf   Thumb Code    36  nrf_esb.o(.text)
    nrf_esb_set_mode                         0x000001f3   Thumb Code    28  nrf_esb.o(.text)
    nrf_esb_set_channel                      0x0000020f   Thumb Code    34  nrf_esb.o(.text)
    notification_cb                          0x00000231   Thumb Code   194  nrf_esb.o(.text)
    nrf_esb_init                             0x000002f3   Thumb Code   126  nrf_esb.o(.text)
    nrf_esb_enable                           0x00000371   Thumb Code     8  nrf_esb.o(.text)
    nrf_esb_disable                          0x00000379   Thumb Code    26  nrf_esb.o(.text)
    nrf_esb_is_enabled                       0x00000393   Thumb Code     8  nrf_esb.o(.text)
    nrf_esb_add_packet_to_tx_fifo            0x0000039b   Thumb Code   146  nrf_esb.o(.text)
    nrf_esb_fetch_packet_from_rx_fifo        0x0000042d   Thumb Code    70  nrf_esb.o(.text)
    nrf_esb_get_tx_fifo_packet_count         0x00000473   Thumb Code     8  nrf_esb.o(.text)
    nrf_esb_get_rx_fifo_packet_count         0x0000047b   Thumb Code     8  nrf_esb.o(.text)
    nrf_esb_flush_tx_fifo                    0x00000483   Thumb Code    10  nrf_esb.o(.text)
    nrf_esb_flush_rx_fifo                    0x0000048d   Thumb Code    10  nrf_esb.o(.text)
    nrf_esb_get_tx_attempts                  0x00000497   Thumb Code     6  nrf_esb.o(.text)
    nrf_esb_get_mode                         0x0000049d   Thumb Code    34  nrf_esb.o(.text)
    nrf_esb_get_base_address_length          0x000004bf   Thumb Code    40  nrf_esb.o(.text)
    nrf_esb_set_base_address_0               0x000004e7   Thumb Code    24  nrf_esb.o(.text)
    nrf_esb_get_base_address_0               0x000004ff   Thumb Code     8  nrf_esb.o(.text)
    nrf_esb_set_base_address_1               0x00000507   Thumb Code    24  nrf_esb.o(.text)
    nrf_esb_get_base_address_1               0x0000051f   Thumb Code     8  nrf_esb.o(.text)
    nrf_esb_set_address_prefix_byte          0x00000527   Thumb Code    88  nrf_esb.o(.text)
    nrf_esb_get_address_prefix_byte          0x0000057f   Thumb Code    22  nrf_esb.o(.text)
    nrf_esb_set_enabled_prx_pipes            0x00000595   Thumb Code    10  nrf_esb.o(.text)
    nrf_esb_get_enabled_prx_pipes            0x0000059f   Thumb Code     8  nrf_esb.o(.text)
    nrf_esb_set_retransmit_delay             0x000005a7   Thumb Code    24  nrf_esb.o(.text)
    nrf_esb_get_retransmit_delay             0x000005bf   Thumb Code     8  nrf_esb.o(.text)
    nrf_esb_set_max_number_of_tx_attempts    0x000005c7   Thumb Code    24  nrf_esb.o(.text)
    nrf_esb_get_max_number_of_tx_attempts    0x000005df   Thumb Code     8  nrf_esb.o(.text)
    nrf_esb_get_channel                      0x000005e7   Thumb Code     6  nrf_esb.o(.text)
    nrf_esb_get_output_power                 0x000005ed   Thumb Code    76  nrf_esb.o(.text)
    nrf_esb_get_datarate                     0x00000639   Thumb Code    40  nrf_esb.o(.text)
    nrf_esb_get_crc_length                   0x00000661   Thumb Code    28  nrf_esb.o(.text)
    nrf_esb_get_xosc_ctl                     0x0000067d   Thumb Code    30  nrf_esb.o(.text)
    nrf_esb_enable_dyn_ack                   0x0000069b   Thumb Code    16  nrf_esb.o(.text)
    nrf_esb_disable_dyn_ack                  0x000006ab   Thumb Code    16  nrf_esb.o(.text)
    nrf_assert_internal_callback             0x000006bb   Thumb Code    10  nrf_esb.o(.text)
    nrf_gpio_debug_pin_write                 0x000006dd   Thumb Code     2  nrf_impala.o(.text)
    nrf_impl_set_dyn_ack_enable              0x000006df   Thumb Code     8  nrf_impala.o(.text)
    nrf_impl_set_xosc_ctl                    0x000006e7   Thumb Code     6  nrf_impala.o(.text)
    nrf_impl_set_idle_activity_config        0x000006ed   Thumb Code     6  nrf_impala.o(.text)
    nrf_impl_set_channel_selection_policy    0x000006f3   Thumb Code     6  nrf_impala.o(.text)
    nrf_impl_set_crc_length                  0x000006f9   Thumb Code    96  nrf_impala.o(.text)
    nrf_impl_set_max_allowed_tx_attempts     0x00000759   Thumb Code     6  nrf_impala.o(.text)
    nrf_impl_set_timeslots_per_channel_when_out_of_sync 0x0000075f   Thumb Code    36  nrf_impala.o(.text)
    nrf_impl_set_timeslots_per_channel_when_in_sync 0x00000783   Thumb Code    36  nrf_impala.o(.text)
    nrf_impl_set_timeslot_period             0x000007a7   Thumb Code     6  nrf_impala.o(.text)
    nrf_impl_set_sync_lifetime               0x000007ad   Thumb Code     6  nrf_impala.o(.text)
    nrf_impl_set_prefix_byte                 0x000007b3   Thumb Code   130  nrf_impala.o(.text)
    nrf_impl_set_pipes_1_to_7_base_address   0x00000835   Thumb Code    12  nrf_impala.o(.text)
    nrf_impl_set_pipe_0_base_address         0x00000841   Thumb Code    12  nrf_impala.o(.text)
    nrf_impl_set_rx_pipes_enabled            0x0000084d   Thumb Code     6  nrf_impala.o(.text)
    nrf_impl_set_base_address_length         0x00000853   Thumb Code    18  nrf_impala.o(.text)
    nrf_impl_set_mode                        0x00000865   Thumb Code    42  nrf_impala.o(.text)
    nrf_impl_init                            0x0000088f   Thumb Code   666  nrf_impala.o(.text)
    nrf_impl_enable                          0x00000b29   Thumb Code    66  nrf_impala.o(.text)
    nrf_impl_disable                         0x00000b6b   Thumb Code    38  nrf_impala.o(.text)
    nrf_impl_is_disabled                     0x00000b91   Thumb Code    16  nrf_impala.o(.text)
    nrf_impl_get_mode                        0x00000ba1   Thumb Code     6  nrf_impala.o(.text)
    nrf_impl_reserve_packet                  0x00000ba7   Thumb Code    20  nrf_impala.o(.text)
    nrf_impl_free_packet                     0x00000bbb   Thumb Code    20  nrf_impala.o(.text)
    nrf_impl_put_tx_fifo                     0x00000bcf   Thumb Code    52  nrf_impala.o(.text)
    nrf_impl_pop_rx_fifo                     0x00000c03   Thumb Code    20  nrf_impala.o(.text)
    nrf_impl_read_rx_fifo                    0x00000c17   Thumb Code     8  nrf_impala.o(.text)
    nrf_impl_read_tx_fifo                    0x00000c1f   Thumb Code    20  nrf_impala.o(.text)
    nrf_impl_get_tx_fifo_status              0x00000c33   Thumb Code     8  nrf_impala.o(.text)
    nrf_impl_get_rx_fifo_status              0x00000c3b   Thumb Code     8  nrf_impala.o(.text)
    nrf_impl_get_available_fifo_packets      0x00000c43   Thumb Code     8  nrf_impala.o(.text)
    nrf_impl_flush_tx_fifo                   0x00000c4b   Thumb Code    44  nrf_impala.o(.text)
    nrf_impl_flush_rx_fifo                   0x00000c77   Thumb Code    20  nrf_impala.o(.text)
    nrf_impl_get_pipe_0_base_address         0x00000c8b   Thumb Code    12  nrf_impala.o(.text)
    nrf_impl_get_pipes_1_to_7_base_address   0x00000c97   Thumb Code    12  nrf_impala.o(.text)
    nrf_impl_get_prefix_byte                 0x00000ca3   Thumb Code    84  nrf_impala.o(.text)
    nrf_impl_set_channel_table               0x00000cf7   Thumb Code    38  nrf_impala.o(.text)
    nrf_impl_get_sync_lifetime               0x00000d1d   Thumb Code     6  nrf_impala.o(.text)
    nrf_impl_get_base_address_length         0x00000d23   Thumb Code    10  nrf_impala.o(.text)
    nrf_impl_get_rx_pipes_enabled            0x00000d2d   Thumb Code     6  nrf_impala.o(.text)
    nrf_impl_get_timeslot_period             0x00000d33   Thumb Code     6  nrf_impala.o(.text)
    nrf_impl_get_timeslots_per_channel_when_in_sync 0x00000d39   Thumb Code     6  nrf_impala.o(.text)
    nrf_impl_get_timeslots_per_channel_when_out_of_sync 0x00000d3f   Thumb Code     6  nrf_impala.o(.text)
    nrf_impl_get_max_allowed_tx_attempts     0x00000d45   Thumb Code     6  nrf_impala.o(.text)
    nrf_impl_enable_rssi                     0x00000d4b   Thumb Code    24  nrf_impala.o(.text)
    nrf_impl_get_channel_selection_policy    0x00000d63   Thumb Code     6  nrf_impala.o(.text)
    nrf_impl_get_idle_activity_config        0x00000d69   Thumb Code     6  nrf_impala.o(.text)
    nrf_impl_get_xosc_ctl                    0x00000d6f   Thumb Code     6  nrf_impala.o(.text)
    async_state_tx_ack_complete              0x00000d75   Thumb Code    14  nrf_impala.o(.text)
    async_state_packet_received              0x00000d83   Thumb Code   330  nrf_impala.o(.text)
    async_state_rx_active                    0x00000ecd   Thumb Code    32  nrf_impala.o(.text)
    async_state_rx_enabling                  0x00000eed   Thumb Code   222  nrf_impala.o(.text)
    nrf_impl_state_fun_timeslot_start        0x000010e1   Thumb Code  1216  nrf_impala.o(.text)
    nrf_impl_state_fun_device_send_packet    0x000015a1   Thumb Code    74  nrf_impala.o(.text)
    NRF_ASSERT_INTERNAL_parse_and_forward    0x00001775   Thumb Code     8  nrf_assert_internal.o(.text)
    nrf_chm_init                             0x0000177d   Thumb Code    26  nrf_channel_manager.o(.text)
    nrf_chm_execute_single_tick              0x00001797   Thumb Code    38  nrf_channel_manager.o(.text)
    nrf_chm_execute_ticks                    0x000017bd   Thumb Code   108  nrf_channel_manager.o(.text)
    nrf_chm_ticks_until_channel_switch       0x00001829   Thumb Code    14  nrf_channel_manager.o(.text)
    nrf_chm_ticks_until_desired_channel      0x00001837   Thumb Code    60  nrf_channel_manager.o(.text)
    nrf_chm_ticks_until_current_timeslot_in_range 0x00001873   Thumb Code    66  nrf_channel_manager.o(.text)
    nrf_chm_ticks_until_current_timeslot_in_range_on_desired_channel 0x000018b5   Thumb Code   142  nrf_channel_manager.o(.text)
    nrf_chm_get_current_channel              0x00001943   Thumb Code    32  nrf_channel_manager.o(.text)
    nrf_chm_set_current_channel_index        0x00001963   Thumb Code    26  nrf_channel_manager.o(.text)
    nrf_chm_get_current_channel_index        0x0000197d   Thumb Code     6  nrf_channel_manager.o(.text)
    nrf_chm_set_current_timeslot             0x00001983   Thumb Code    26  nrf_channel_manager.o(.text)
    nrf_chm_get_current_timeslot             0x0000199d   Thumb Code     6  nrf_channel_manager.o(.text)
    nrf_flw_init                             0x000019c9   Thumb Code    76  nrf_flywheel.o(.text)
    nrf_flw_start                            0x00001a15   Thumb Code    14  nrf_flywheel.o(.text)
    nrf_flw_stop                             0x00001a23   Thumb Code    32  nrf_flywheel.o(.text)
    nrf_flw_get_runstate                     0x00001a43   Thumb Code     6  nrf_flywheel.o(.text)
    nrf_flw_task_is_delayed                  0x00001a49   Thumb Code     6  nrf_flywheel.o(.text)
    NRF_flw_prepare_call                     0x00001a4f   Thumb Code   196  nrf_flywheel.o(.text)
    nrf_flw_get_ext_capture_task             0x00001b13   Thumb Code     4  nrf_flywheel.o(.text)
    nrf_flw_get_flw_call_event               0x00001b17   Thumb Code     4  nrf_flywheel.o(.text)
    TIMER2_IRQHandler                        0x00001b1b   Thumb Code    84  nrf_flywheel.o(.text)
    nrf_lcore_force_disable                  0x00001bc1   Thumb Code   114  nrf_link_core.o(.text)
    nrf_lcore_init                           0x00001c33   Thumb Code    54  nrf_link_core.o(.text)
    TESTONLY_current_state_is_legal          0x00001c69   Thumb Code    40  nrf_link_core.o(.text)
    nrf_lcore_prepare_operation              0x00001c91   Thumb Code   176  nrf_link_core.o(.text)
    nrf_lcore_start_operation                0x00001d41   Thumb Code   122  nrf_link_core.o(.text)
    print_lc_debug_info                      0x00001dbb   Thumb Code     2  nrf_link_core.o(.text)
    RADIO_IRQHandler                         0x00001e8d   Thumb Code   528  nrf_link_core.o(.text)
    nrf_nm_init                              0x000020a9   Thumb Code    36  nrf_notification_manager.o(.text)
    nrf_nm_add                               0x000020cd   Thumb Code   100  nrf_notification_manager.o(.text)
    nrf_nm_get_remaining_space_in_notification_queue 0x00002131   Thumb Code    12  nrf_notification_manager.o(.text)
    SWI0_IRQHandler                          0x0000213d   Thumb Code   130  nrf_notification_manager.o(.text)
    nrf_pm_init                              0x000021dd   Thumb Code    90  nrf_packet_manager.o(.text)
    nrf_pm_get_ack_payload_pending           0x00002237   Thumb Code     6  nrf_packet_manager.o(.text)
    nrf_pm_there_is_ptx_packet_to_be_serviced 0x0000223d   Thumb Code     6  nrf_packet_manager.o(.text)
    nrf_pm_reserve_packet                    0x00002243   Thumb Code     8  nrf_packet_manager.o(.text)
    nrf_pm_get_rx_fifo_status                0x0000224b   Thumb Code    10  nrf_packet_manager.o(.text)
    nrf_pm_read_tx_fifo                      0x00002255   Thumb Code     8  nrf_packet_manager.o(.text)
    nrf_pm_start_ptx                         0x0000225d   Thumb Code   156  nrf_packet_manager.o(.text)
    nrf_pm_search_for_ptx_pipe_to_service    0x000022f9   Thumb Code    64  nrf_packet_manager.o(.text)
    nrf_pm_end_ptx                           0x00002339   Thumb Code   182  nrf_packet_manager.o(.text)
    nrf_pm_get_current_ptx_pipe              0x000023ef   Thumb Code     6  nrf_packet_manager.o(.text)
    nrf_pm_get_current_ptx_packet            0x000023f5   Thumb Code     6  nrf_packet_manager.o(.text)
    nrf_pm_get_current_ptx_ack_ptr           0x000023fb   Thumb Code     6  nrf_packet_manager.o(.text)
    nrf_pm_start_prx                         0x00002401   Thumb Code    62  nrf_packet_manager.o(.text)
    nrf_pm_free_packet                       0x0000243f   Thumb Code     8  nrf_packet_manager.o(.text)
    nrf_pm_get_tx_fifo_status                0x00002447   Thumb Code     8  nrf_packet_manager.o(.text)
    nrf_pm_end_prx                           0x0000244f   Thumb Code   364  nrf_packet_manager.o(.text)
    nrf_pm_get_state                         0x000025bb   Thumb Code    86  nrf_packet_manager.o(.text)
    nrf_pm_get_available_fifo_packets        0x00002611   Thumb Code     8  nrf_packet_manager.o(.text)
    nrf_pm_put_tx_fifo                       0x00002619   Thumb Code    38  nrf_packet_manager.o(.text)
    nrf_pm_flush_tx_fifo                     0x0000263f   Thumb Code    44  nrf_packet_manager.o(.text)
    nrf_pm_read_rx_fifo                      0x0000266b   Thumb Code    10  nrf_packet_manager.o(.text)
    nrf_pm_pop_rx_fifo                       0x00002675   Thumb Code    10  nrf_packet_manager.o(.text)
    nrf_pm_flush_rx_fifo                     0x0000267f   Thumb Code    10  nrf_packet_manager.o(.text)
    nrf_pm_set_dyn_ack_status                0x00002689   Thumb Code     6  nrf_packet_manager.o(.text)
    nrf_pm_get_dyn_ack_status                0x0000268f   Thumb Code     6  nrf_packet_manager.o(.text)
    nrf_sm_init                              0x000026a1   Thumb Code    10  nrf_state_machine.o(.text)
    nrf_sm_set_next_state                    0x000026ab   Thumb Code    20  nrf_state_machine.o(.text)
    nrf_sm_get_current_state                 0x000026bf   Thumb Code     6  nrf_state_machine.o(.text)
    nrf_sm_get_prev_state                    0x000026c5   Thumb Code     6  nrf_state_machine.o(.text)
    nrf_sm_get_next_state                    0x000026cb   Thumb Code     6  nrf_state_machine.o(.text)
    nrf_sm_execute                           0x000026d1   Thumb Code    18  nrf_state_machine.o(.text)
    nrf_fifo_init                            0x000026f1   Thumb Code   132  nrf_fifo.o(.text)
    nrf_fifo_reserve_packet                  0x00002775   Thumb Code    92  nrf_fifo.o(.text)
    nrf_fifo_free_packet                     0x000027d1   Thumb Code   110  nrf_fifo.o(.text)
    nrf_fifo_put_packet                      0x0000283f   Thumb Code   140  nrf_fifo.o(.text)
    nrf_fifo_pop_packet                      0x000028cb   Thumb Code    72  nrf_fifo.o(.text)
    nrf_fifo_read_packet                     0x00002913   Thumb Code    48  nrf_fifo.o(.text)
    nrf_fifo_flush                           0x00002943   Thumb Code   224  nrf_fifo.o(.text)
    __aeabi_uidiv                            0x00002a69   Thumb Code     0  uidiv.o(.text)
    __aeabi_uidivmod                         0x00002a69   Thumb Code    44  uidiv.o(.text)
    __aeabi_memcpy                           0x00002a95   Thumb Code    36  memcpya.o(.text)
    __aeabi_memcpy4                          0x00002a95   Thumb Code     0  memcpya.o(.text)
    __aeabi_memcpy8                          0x00002a95   Thumb Code     0  memcpya.o(.text)
    __aeabi_memset                           0x00002ab9   Thumb Code    14  memseta.o(.text)
    __aeabi_memset4                          0x00002ab9   Thumb Code     0  memseta.o(.text)
    __aeabi_memset8                          0x00002ab9   Thumb Code     0  memseta.o(.text)
    __aeabi_memclr                           0x00002ac7   Thumb Code     4  memseta.o(.text)
    __aeabi_memclr4                          0x00002ac7   Thumb Code     0  memseta.o(.text)
    __aeabi_memclr8                          0x00002ac7   Thumb Code     0  memseta.o(.text)
    _memset$wrapper                          0x00002acb   Thumb Code    18  memseta.o(.text)
    __scatterload                            0x00002add   Thumb Code    28  init.o(.text)
    __scatterload_rt2                        0x00002add   Thumb Code     0  init.o(.text)
    SystemInit                               0x00002b01   Thumb Code    38  system_nrf51.o(i.SystemInit)
    __scatterload_copy                       0x00002b39   Thumb Code    14  handlers.o(i.__scatterload_copy)
    __scatterload_null                       0x00002b47   Thumb Code     2  handlers.o(i.__scatterload_null)
    __scatterload_zeroinit                   0x00002b49   Thumb Code    14  handlers.o(i.__scatterload_zeroinit)
    main                                     0x00002c4d   Thumb Code    52  main.o(i.main)
    nrf_esb_disabled                         0x00002c81   Thumb Code     2  main.o(i.nrf_esb_disabled)
    nrf_esb_rx_data_ready                    0x00002c85   Thumb Code    54  main.o(i.nrf_esb_rx_data_ready)
    nrf_esb_tx_failed                        0x00002cc5   Thumb Code     2  main.o(i.nrf_esb_tx_failed)
    nrf_esb_tx_success                       0x00002cc7   Thumb Code     2  main.o(i.nrf_esb_tx_success)
    nrf_fifo_get_available_packet_count      0x00002cc9   Thumb Code     6  nrf_fifo.o(i.nrf_fifo_get_available_packet_count)
    nrf_fifo_get_packet_count                0x00002cd5   Thumb Code    24  nrf_fifo.o(i.nrf_fifo_get_packet_count)
    nrf_impl_get_crc_length                  0x00002d3d   Thumb Code     8  nrf_impala.o(i.nrf_impl_get_crc_length)
    nrf_impl_get_datarate                    0x00002d49   Thumb Code     8  nrf_impala.o(i.nrf_impl_get_datarate)
    nrf_impl_get_tx_power                    0x00002d55   Thumb Code     8  nrf_impala.o(i.nrf_impl_get_tx_power)
    nrf_impl_set_datarate                    0x00002d61   Thumb Code    90  nrf_impala.o(i.nrf_impl_set_datarate)
    nrf_impl_set_tx_power                    0x00002ded   Thumb Code     6  nrf_impala.o(i.nrf_impl_set_tx_power)
    nrf_lcore_rx_address_match               0x00002df9   Thumb Code    12  nrf_link_core.o(i.nrf_lcore_rx_address_match)
    simple_uart_config                       0x00002e09   Thumb Code    90  simple_uart.o(i.simple_uart_config)
    simple_uart_put                          0x00002e75   Thumb Code    22  simple_uart.o(i.simple_uart_put)
    simple_uart_putstring                    0x00002e95   Thumb Code    32  simple_uart.o(i.simple_uart_putstring)
    Region$$Table$$Base                      0x00002ee4   Number         0  anon$$obj.o(Region$$Table)
    Region$$Table$$Limit                     0x00002ef4   Number         0  anon$$obj.o(Region$$Table)
    SystemCoreClock                          0x20000000   Data           4  system_nrf51.o(.data)
    assert_count                             0x20000008   Data           4  nrf_esb.o(.data)
    impl_status                              0x20000010   Data           4  nrf_esb.o(.data)
    impl_async_state                         0x20000014   Data           1  nrf_impala.o(.data)
    runstate                                 0x20000028   Data           1  nrf_flywheel.o(.data)
    nrf_pm_ack_payload_pending               0x20000034   Data           8  nrf_packet_manager.o(.data)
    sm_status                                0x2000003c   Data           3  nrf_state_machine.o(.data)
    state_functions                          0x20000040   Data           8  nrf_state_machine.o(.data)
    available_packet_count                   0x20000048   Data           4  nrf_fifo.o(.data)
    impl_internal_params                     0x20000060   Data          32  nrf_impala.o(.bss)
    nrf_impl_status                          0x20000080   Data          28  nrf_impala.o(.bss)
    lcore_config                             0x2000009c   Data          24  nrf_impala.o(.bss)
    nrf_lcore_status                         0x200000c0   Data          36  nrf_link_core.o(.bss)
    nm_status                                0x200000e4   Data         136  nrf_notification_manager.o(.bss)
    pm_status                                0x2000016c   Data         148  nrf_packet_manager.o(.bss)
    pipe_status                              0x20000200   Data          48  nrf_fifo.o(.bss)
    fifo_contents                            0x20000230   Data         192  nrf_fifo.o(.bss)
    available_packets                        0x200002f0   Data          24  nrf_fifo.o(.bss)
    packet_pool                              0x20000308   Data         204  nrf_fifo.o(.bss)
    __initial_sp                             0x20000bd8   Data           0  startup_arm_nrf51.o(STACK)



==============================================================================

Memory Map of the image

  Image Entry point : 0x000000c1

  Load Region LR_IROM1 (Base: 0x00000000, Size: 0x00002f40, Max: 0x00040000, ABSOLUTE)

    Execution Region ER_IROM1 (Base: 0x00000000, Size: 0x00002ef4, Max: 0x00040000, ABSOLUTE)

    Base Addr    Size         Type   Attr      Idx    E Section Name        Object

    0x00000000   0x000000c0   Data   RO          120    RESET               startup_arm_nrf51.o
    0x000000c0   0x00000000   Code   RO          355  * .ARM.Collect$$$$00000000  mc_p.l(entry.o)
    0x000000c0   0x00000004   Code   RO          366    .ARM.Collect$$$$00000001  mc_p.l(entry2.o)
    0x000000c4   0x00000004   Code   RO          369    .ARM.Collect$$$$00000004  mc_p.l(entry5.o)
    0x000000c8   0x00000000   Code   RO          371    .ARM.Collect$$$$00000008  mc_p.l(entry7b.o)
    0x000000c8   0x00000000   Code   RO          373    .ARM.Collect$$$$0000000A  mc_p.l(entry8b.o)
    0x000000c8   0x00000008   Code   RO          374    .ARM.Collect$$$$0000000B  mc_p.l(entry9a.o)
    0x000000d0   0x00000000   Code   RO          376    .ARM.Collect$$$$0000000D  mc_p.l(entry10a.o)
    0x000000d0   0x00000000   Code   RO          378    .ARM.Collect$$$$0000000F  mc_p.l(entry11a.o)
    0x000000d0   0x00000004   Code   RO          367    .ARM.Collect$$$$00002712  mc_p.l(entry2.o)
    0x000000d4   0x0000001e   Code   RO          308    .emb_text           esb_arm.lib(nrf_link_core.o)
    0x000000f2   0x00000002   PAD
    0x000000f4   0x0000002c   Code   RO          121    .text               startup_arm_nrf51.o
    0x00000120   0x000005bc   Code   RO          261    .text               esb_arm.lib(nrf_esb.o)
    0x000006dc   0x00001098   Code   RO          268    .text               esb_arm.lib(nrf_impala.o)
    0x00001774   0x00000008   Code   RO          286    .text               esb_arm.lib(nrf_assert_internal.o)
    0x0000177c   0x0000024c   Code   RO          292    .text               esb_arm.lib(nrf_channel_manager.o)
    0x000019c8   0x000001f8   Code   RO          300    .text               esb_arm.lib(nrf_flywheel.o)
    0x00001bc0   0x000004e8   Code   RO          309    .text               esb_arm.lib(nrf_link_core.o)
    0x000020a8   0x00000134   Code   RO          321    .text               esb_arm.lib(nrf_notification_manager.o)
    0x000021dc   0x000004c4   Code   RO          328    .text               esb_arm.lib(nrf_packet_manager.o)
    0x000026a0   0x00000050   Code   RO          338    .text               esb_arm.lib(nrf_state_machine.o)
    0x000026f0   0x00000378   Code   RO          345    .text               esb_arm.lib(nrf_fifo.o)
    0x00002a68   0x0000002c   Code   RO          358    .text               mc_p.l(uidiv.o)
    0x00002a94   0x00000024   Code   RO          360    .text               mc_p.l(memcpya.o)
    0x00002ab8   0x00000024   Code   RO          362    .text               mc_p.l(memseta.o)
    0x00002adc   0x00000024   Code   RO          380    .text               mc_p.l(init.o)
    0x00002b00   0x00000038   Code   RO          128    i.SystemInit        system_nrf51.o
    0x00002b38   0x0000000e   Code   RO          384    i.__scatterload_copy  mc_p.l(handlers.o)
    0x00002b46   0x00000002   Code   RO          385    i.__scatterload_null  mc_p.l(handlers.o)
    0x00002b48   0x0000000e   Code   RO          386    i.__scatterload_zeroinit  mc_p.l(handlers.o)
    0x00002b56   0x00000002   PAD
    0x00002b58   0x00000050   Code   RO            4    i.esb_init          main.o
    0x00002ba8   0x00000038   Code   RO          129    i.is_disabled_in_debug_needed  system_nrf51.o
    0x00002be0   0x0000006c   Code   RO          130    i.is_manual_peripheral_setup_needed  system_nrf51.o
    0x00002c4c   0x00000034   Code   RO            5    i.main              main.o
    0x00002c80   0x00000002   Code   RO            6    i.nrf_esb_disabled  main.o
    0x00002c82   0x00000002   PAD
    0x00002c84   0x00000040   Code   RO            7    i.nrf_esb_rx_data_ready  main.o
    0x00002cc4   0x00000002   Code   RO            8    i.nrf_esb_tx_failed  main.o
    0x00002cc6   0x00000002   Code   RO            9    i.nrf_esb_tx_success  main.o
    0x00002cc8   0x0000000c   Code   RO          353    i.nrf_fifo_get_available_packet_count  esb_arm.lib(nrf_fifo.o)
    0x00002cd4   0x00000020   Code   RO          351    i.nrf_fifo_get_packet_count  esb_arm.lib(nrf_fifo.o)
    0x00002cf4   0x00000014   Code   RO          201    i.nrf_gpio_cfg_input  simple_uart.o
    0x00002d08   0x00000012   Code   RO           10    i.nrf_gpio_cfg_output  main.o
    0x00002d1a   0x00000012   Code   RO          202    i.nrf_gpio_cfg_output  simple_uart.o
    0x00002d2c   0x00000010   Code   RO           11    i.nrf_gpio_pin_clear  main.o
    0x00002d3c   0x0000000c   Code   RO          280    i.nrf_impl_get_crc_length  esb_arm.lib(nrf_impala.o)
    0x00002d48   0x0000000c   Code   RO          282    i.nrf_impl_get_datarate  esb_arm.lib(nrf_impala.o)
    0x00002d54   0x0000000c   Code   RO          278    i.nrf_impl_get_tx_power  esb_arm.lib(nrf_impala.o)
    0x00002d60   0x0000008c   Code   RO          274    i.nrf_impl_set_datarate  esb_arm.lib(nrf_impala.o)
    0x00002dec   0x0000000c   Code   RO          276    i.nrf_impl_set_tx_power  esb_arm.lib(nrf_impala.o)
    0x00002df8   0x00000010   Code   RO          317    i.nrf_lcore_rx_address_match  esb_arm.lib(nrf_link_core.o)
    0x00002e08   0x0000006c   Code   RO          203    i.simple_uart_config  simple_uart.o
    0x00002e74   0x00000020   Code   RO          206    i.simple_uart_put   simple_uart.o
    0x00002e94   0x00000020   Code   RO          207    i.simple_uart_putstring  simple_uart.o
    0x00002eb4   0x00000030   Data   RO          311    .constdata          esb_arm.lib(nrf_link_core.o)
    0x00002ee4   0x00000010   Data   RO          382    Region$$Table       anon$$obj.o


    Execution Region RW_IRAM1 (Base: 0x20000000, Size: 0x00000bd8, Max: 0x00004000, ABSOLUTE, UNINIT)

    Base Addr    Size         Type   Attr      Idx    E Section Name        Object

    0x20000000   0x00000004   Data   RW          131    .data               system_nrf51.o
    0x20000004   0x00000010   Data   RW          262    .data               esb_arm.lib(nrf_esb.o)
    0x20000014   0x00000008   Data   RW          270    .data               esb_arm.lib(nrf_impala.o)
    0x2000001c   0x0000000c   Data   RW          293    .data               esb_arm.lib(nrf_channel_manager.o)
    0x20000028   0x00000008   Data   RW          301    .data               esb_arm.lib(nrf_flywheel.o)
    0x20000030   0x00000004   Data   RW          312    .data               esb_arm.lib(nrf_link_core.o)
    0x20000034   0x00000008   Data   RW          330    .data               esb_arm.lib(nrf_packet_manager.o)
    0x2000003c   0x0000000c   Data   RW          339    .data               esb_arm.lib(nrf_state_machine.o)
    0x20000048   0x00000004   Data   RW          347    .data               esb_arm.lib(nrf_fifo.o)
    0x2000004c   0x00000014   Zero   RW           12    .bss                main.o
    0x20000060   0x00000060   Zero   RW          269    .bss                esb_arm.lib(nrf_impala.o)
    0x200000c0   0x00000024   Zero   RW          310    .bss                esb_arm.lib(nrf_link_core.o)
    0x200000e4   0x00000088   Zero   RW          322    .bss                esb_arm.lib(nrf_notification_manager.o)
    0x2000016c   0x00000094   Zero   RW          329    .bss                esb_arm.lib(nrf_packet_manager.o)
    0x20000200   0x000001d4   Zero   RW          346    .bss                esb_arm.lib(nrf_fifo.o)
    0x200003d4   0x00000004   PAD
    0x200003d8   0x00000800   Zero   RW          118    STACK               startup_arm_nrf51.o


==============================================================================

Image component sizes


      Code (inc. data)   RO Data    RW Data    ZI Data      Debug   Object Name

       236         22          0          0         20      10871   main.o
       210         28          0          0          0       5395   simple_uart.o
        44         14        192          0       2048        688   startup_arm_nrf51.o
       220         26          0          4          0       1939   system_nrf51.o

    ----------------------------------------------------------------------
       712         90        208          4       2068      18893   Object Totals
         0          0         16          0          0          0   (incl. Generated)
         2          0          0          0          0          0   (incl. Padding)

    ----------------------------------------------------------------------

      Code (inc. data)   RO Data    RW Data    ZI Data      Debug   Library Member Name

         8          0          0          0          0         68   nrf_assert_internal.o
       588         38          0         12          0        464   nrf_channel_manager.o
      1468         98          0         16          0       1128   nrf_esb.o
       932         84          0          4        468        424   nrf_fifo.o
       504         82          0          8          0        376   nrf_flywheel.o
      4436        398          0          8         96       1884   nrf_impala.o
      1302        156         48          4         36        440   nrf_link_core.o
       308         30          0          0        136        188   nrf_notification_manager.o
      1220         92          0          8        148        716   nrf_packet_manager.o
        80         14          0         12          0        236   nrf_state_machine.o
         0          0          0          0          0          0   entry.o
         0          0          0          0          0          0   entry10a.o
         0          0          0          0          0          0   entry11a.o
         8          4          0          0          0          0   entry2.o
         4          0          0          0          0          0   entry5.o
         0          0          0          0          0          0   entry7b.o
         0          0          0          0          0          0   entry8b.o
         8          4          0          0          0          0   entry9a.o
        30          0          0          0          0          0   handlers.o
        36          8          0          0          0         68   init.o
        36          0          0          0          0         60   memcpya.o
        36          0          0          0          0        100   memseta.o
        44          0          0          0          0         72   uidiv.o

    ----------------------------------------------------------------------
     11052       1008         48         72        888       6224   Library Totals
         4          0          0          0          4          0   (incl. Padding)

    ----------------------------------------------------------------------

      Code (inc. data)   RO Data    RW Data    ZI Data      Debug   Library Name

     10846        992         48         72        884       5924   esb_arm.lib
       202         16          0          0          0        300   mc_p.l

    ----------------------------------------------------------------------
     11052       1008         48         72        888       6224   Library Totals

    ----------------------------------------------------------------------

==============================================================================


      Code (inc. data)   RO Data    RW Data    ZI Data      Debug   

     11764       1098        256         76       2956      23193   Grand Totals
     11764       1098        256         76       2956      23193   ELF Image Totals
     11764       1098        256         76          0          0   ROM Totals

==============================================================================

    Total RO  Size (Code + RO Data)                12020 (  11.74kB)
    Total RW  Size (RW Data + ZI Data)              3032 (   2.96kB)
    Total ROM Size (Code + RO Data + RW Data)      12096 (  11.81kB)

==============================================================================

